Archive member included to satisfy reference by file (symbol)

/Applications/STM32CubeIDE.app/Contents/Eclipse/plugins/com.st.stm32cube.ide.mcu.externaltools.gnu-tools-for-stm32.13.3.rel1.macos64_1.0.100.202509120712/tools/bin/../lib/gcc/arm-none-eabi/13.3.1/../../../../arm-none-eabi/lib/thumb/v7e-m+fp/hard/libc_nano.a(libc_a-exit.o)
                              /Applications/STM32CubeIDE.app/Contents/Eclipse/plugins/com.st.stm32cube.ide.mcu.externaltools.gnu-tools-for-stm32.13.3.rel1.macos64_1.0.100.202509120712/tools/bin/../lib/gcc/arm-none-eabi/13.3.1/../../../../arm-none-eabi/lib/thumb/v7e-m+fp/hard/crt0.o (exit)
/Applications/STM32CubeIDE.app/Contents/Eclipse/plugins/com.st.stm32cube.ide.mcu.externaltools.gnu-tools-for-stm32.13.3.rel1.macos64_1.0.100.202509120712/tools/bin/../lib/gcc/arm-none-eabi/13.3.1/../../../../arm-none-eabi/lib/thumb/v7e-m+fp/hard/libc_nano.a(libc_a-nano-vfprintf_float.o)
                              (_printf_float)
/Applications/STM32CubeIDE.app/Contents/Eclipse/plugins/com.st.stm32cube.ide.mcu.externaltools.gnu-tools-for-stm32.13.3.rel1.macos64_1.0.100.202509120712/tools/bin/../lib/gcc/arm-none-eabi/13.3.1/../../../../arm-none-eabi/lib/thumb/v7e-m+fp/hard/libc_nano.a(libc_a-nano-vfprintf_i.o)
                              /Applications/STM32CubeIDE.app/Contents/Eclipse/plugins/com.st.stm32cube.ide.mcu.externaltools.gnu-tools-for-stm32.13.3.rel1.macos64_1.0.100.202509120712/tools/bin/../lib/gcc/arm-none-eabi/13.3.1/../../../../arm-none-eabi/lib/thumb/v7e-m+fp/hard/libc_nano.a(libc_a-nano-vfprintf_float.o) (_printf_common)
/Applications/STM32CubeIDE.app/Contents/Eclipse/plugins/com.st.stm32cube.ide.mcu.externaltools.gnu-tools-for-stm32.13.3.rel1.macos64_1.0.100.202509120712/tools/bin/../lib/gcc/arm-none-eabi/13.3.1/../../../../arm-none-eabi/lib/thumb/v7e-m+fp/hard/libc_nano.a(libc_a-snprintf.o)
                              ./Core/Src/bms_message.o (snprintf)
/Applications/STM32CubeIDE.app/Contents/Eclipse/plugins/com.st.stm32cube.ide.mcu.externaltools.gnu-tools-for-stm32.13.3.rel1.macos64_1.0.100.202509120712/tools/bin/../lib/gcc/arm-none-eabi/13.3.1/../../../../arm-none-eabi/lib/thumb/v7e-m+fp/hard/libc_nano.a(libc_a-findfp.o)
                              /Applications/STM32CubeIDE.app/Contents/Eclipse/plugins/com.st.stm32cube.ide.mcu.externaltools.gnu-tools-for-stm32.13.3.rel1.macos64_1.0.100.202509120712/tools/bin/../lib/gcc/arm-none-eabi/13.3.1/../../../../arm-none-eabi/lib/thumb/v7e-m+fp/hard/libc_nano.a(libc_a-exit.o) (__stdio_exit_handler)
/Applications/STM32CubeIDE.app/Contents/Eclipse/plugins/com.st.stm32cube.ide.mcu.externaltools.gnu-tools-for-stm32.13.3.rel1.macos64_1.0.100.202509120712/tools/bin/../lib/gcc/arm-none-eabi/13.3.1/../../../../arm-none-eabi/lib/thumb/v7e-m+fp/hard/libc_nano.a(libc_a-fwalk.o)
                              /Applications/STM32CubeIDE.app/Contents/Eclipse/plugins/com.st.stm32cube.ide.mcu.externaltools.gnu-tools-for-stm32.13.3.rel1.macos64_1.0.100.202509120712/tools/bin/../lib/gcc/arm-none-eabi/13.3.1/../../../../arm-none-eabi/lib/thumb/v7e-m+fp/hard/libc_nano.a(libc_a-findfp.o) (_fwalk_sglue)
/Applications/STM32CubeIDE.app/Contents/Eclipse/plugins/com.st.stm32cube.ide.mcu.externaltools.gnu-tools-for-stm32.13.3.rel1.macos64_1.0.100.202509120712/tools/bin/../lib/gcc/arm-none-eabi/13.3.1/../../../../arm-none-eabi/lib/thumb/v7e-m+fp/hard/libc_nano.a(libc_a-printf.o)
                              ./Core/Src/statemachine.o (printf)
/Applications/STM32CubeIDE.app/Contents/Eclipse/plugins/com.st.stm32cube.ide.mcu.externaltools.gnu-tools-for-stm32.13.3.rel1.macos64_1.0.100.202509120712/tools/bin/../lib/gcc/arm-none-eabi/13.3.1/../../../../arm-none-eabi/lib/thumb/v7e-m+fp/hard/libc_nano.a(libc_a-puts.o)
                              ./Core/Src/statemachine.o (puts)
/Applications/STM32CubeIDE.app/Contents/Eclipse/plugins/com.st.stm32cube.ide.mcu.externaltools.gnu-tools-for-stm32.13.3.rel1.macos64_1.0.100.202509120712/tools/bin/../lib/gcc/arm-none-eabi/13.3.1/../../../../arm-none-eabi/lib/thumb/v7e-m+fp/hard/libc_nano.a(libc_a-memset.o)
                              /Applications/STM32CubeIDE.app/Contents/Eclipse/plugins/com.st.stm32cube.ide.mcu.externaltools.gnu-tools-for-stm32.13.3.rel1.macos64_1.0.100.202509120712/tools/bin/../lib/gcc/arm-none-eabi/13.3.1/../../../../arm-none-eabi/lib/thumb/v7e-m+fp/hard/crt0.o (memset)
/Applications/STM32CubeIDE.app/Contents/Eclipse/plugins/com.st.stm32cube.ide.mcu.externaltools.gnu-tools-for-stm32.13.3.rel1.macos64_1.0.100.202509120712/tools/bin/../lib/gcc/arm-none-eabi/13.3.1/../../../../arm-none-eabi/lib/thumb/v7e-m+fp/hard/libc_nano.a(libc_a-errno.o)
                              ./Core/Src/syscalls.o (__errno)
/Applications/STM32CubeIDE.app/Contents/Eclipse/plugins/com.st.stm32cube.ide.mcu.externaltools.gnu-tools-for-stm32.13.3.rel1.macos64_1.0.100.202509120712/tools/bin/../lib/gcc/arm-none-eabi/13.3.1/../../../../arm-none-eabi/lib/thumb/v7e-m+fp/hard/libc_nano.a(libc_a-init.o)
[...]
Memory Configuration

Name             Origin             Length             Attributes
RAM              0x20000000         0x00020000         xrw
FLASH            0x08000000         0x00080000         xr
*default*        0x00000000         0xffffffff

Linker script and memory map

LOAD /Applications/STM32CubeIDE.app/Contents/Eclipse/plugins/com.st.stm32cube.ide.mcu.externaltools.gnu-tools-for-stm32.13.3.rel1.macos64_1.0.100.202509120712/tools/bin/../lib/gcc/arm-none-eabi/13.3.1/thumb/v7e-m+fp/hard/crti.o
LOAD /Applications/STM32CubeIDE.app/Contents/Eclipse/plugins/com.st.stm32cube.ide.mcu.externaltools.gnu-tools-for-stm32.13.3.rel1.macos64_1.0.100.202509120712/tools/bin/../lib/gcc/arm-none-eabi/13.3.1/thumb/v7e-m+fp/hard/crtbegin.o
LOAD /Applications/STM32CubeIDE.app/Contents/Eclipse/plugins/com.st.stm32cube.ide.mcu.externaltools.gnu-tools-for-stm32.13.3.rel1.macos64_1.0.100.202509120712/tools/bin/../lib/gcc/arm-none-eabi/13.3.1/../../../../arm-none-eabi/lib/thumb/v7e-m+fp/hard/crt0.o
LOAD ./Core/Src/adc.o
LOAD ./Core/Src/bms_message.o
LOAD ./Core/Src/car.o
LOAD ./Core/Src/delay.o
LOAD ./Core/Src/direction.o
LOAD ./Core/Src/dma.o
LOAD ./Core/Src/gas2.o
LOAD ./Core/Src/gpio.o
LOAD ./Core/Src/i2c.o
LOAD ./Core/Src/ina219_bms.o
LOAD ./Core/Src/main.o
LOAD ./Core/Src/speed.o
LOAD ./Core/Src/statemachine.o
LOAD ./Core/Src/stm32f4xx_hal_msp.o
LOAD ./Core/Src/stm32f4xx_it.o
LOAD ./Core/Src/syscalls.o
LOAD ./Core/Src/sysmem.o
LOAD ./Core/Src/system_stm32f4xx.o
LOAD ./Core/Src/temp.o
LOAD ./Core/Src/tim.o
LOAD ./Core/Src/trace.o
LOAD ./Core/Src/ultrasonic.o
LOAD ./Core/Src/usart.o
LOAD ./Core/Startup/startup_stm32f411retx.o
LOAD ./Drivers/STM32F4xx_HAL_Driver/Src/stm32f4xx_hal.o
LOAD ./Drivers/STM32F4xx_HAL_Driver/Src/stm32f4xx_hal_adc.o
LOAD ./Drivers/STM32F4xx_HAL_Driver/Src/stm32f4xx_hal_adc_ex.o
LOAD ./Drivers/STM32F4xx_HAL_Driver/Src/stm32f4xx_hal_cortex.o
LOAD ./Drivers/STM32F4xx_HAL_Driver/Src/stm32f4xx_hal_dma.o
LOAD ./Drivers/STM32F4xx_HAL_Driver/Src/stm32f4xx_hal_dma_ex.o
LOAD ./Drivers/STM32F4xx_HAL_Driver/Src/stm32f4xx_hal_exti.o
LOAD ./Drivers/STM32F4xx_HAL_Driver/Src/stm32f4xx_hal_flash.o
LOAD ./Drivers/STM32F4xx_HAL_Driver/Src/stm32f4xx_hal_flash_ex.o
LOAD ./Drivers/STM32F4xx_HAL_Driver/Src/stm32f4xx_hal_flash_ramfunc.o
LOAD ./Drivers/STM32F4xx_HAL_Driver/Src/stm32f4xx_hal_gpio.o
LOAD ./Drivers/STM32F4xx_HAL_Driver/Src/stm32f4xx_hal_i2c.o
LOAD ./Drivers/STM32F4xx_HAL_Driver/Src/stm32f4xx_hal_i2c_ex.o
LOAD ./Drivers/STM32F4xx_HAL_Driver/Src/stm32f4xx_hal_pwr.o
LOAD ./Drivers/STM32F4xx_HAL_Driver/Src/stm32f4xx_hal_pwr_ex.o
LOAD ./Drivers/STM32F4xx_HAL_Driver/Src/stm32f4xx_hal_rcc.o
LOAD ./Drivers/STM32F4xx_HAL_Driver/Src/stm32f4xx_hal_rcc_ex.o
LOAD ./Drivers/STM32F4xx_HAL_Driver/Src/stm32f4xx_hal_tim.o
LOAD ./Drivers/STM32F4xx_HAL_Driver/Src/stm32f4xx_hal_tim_ex.o
LOAD ./Drivers/STM32F4xx_HAL_Driver/Src/stm32f4xx_hal_uart.o
START GROUP
LOAD /Applications/STM32CubeIDE.app/Contents/Eclipse/plugins/com.st.stm32cube.ide.mcu.externaltools.gnu-tools-for-stm32.13.3.rel1.macos64_1.0.100.202509120712/tools/bin/../lib/gcc/arm-none-eabi/13.3.1/../../../../arm-none-eabi/lib/thumb/v7e-m+fp/hard/libc_nano.a
LOAD /Applications/STM32CubeIDE.app/Contents/Eclipse/plugins/com.st.stm32cube.ide.mcu.externaltools.gnu-tools-for-stm32.13.3.rel1.macos64_1.0.100.202509120712/tools/bin/../lib/gcc/arm-none-eabi/13.3.1/../../../../arm-none-eabi/lib/thumb/v7e-m+fp/hard/libm.a
END GROUP
START GROUP
LOAD /Applications/STM32CubeIDE.app/Contents/Eclipse/plugins/com.st.stm32cube.ide.mcu.externaltools.gnu-tools-for-stm32.13.3.rel1.macos64_1.0.100.202509120712/tools/bin/../lib/gcc/arm-none-eabi/13.3.1/thumb/v7e-m+fp/hard/libgcc.a
LOAD /Applications/STM32CubeIDE.app/Contents/Eclipse/plugins/com.st.stm32cube.ide.mcu.externaltools.gnu-tools-for-stm32.13.3.rel1.macos64_1.0.100.202509120712/tools/bin/../lib/gcc/arm-none-eabi/13.3.1/../../../../arm-none-eabi/lib/thumb/v7e-m+fp/hard/libc_nano.a
END GROUP
START GROUP
LOAD /Applications/STM32CubeIDE.app/Contents/Eclipse/plugins/com.st.stm32cube.ide.mcu.externaltools.gnu-tools-for-stm32.13.3.rel1.macos64_1.0.100.202509120712/tools/bin/../lib/gcc/arm-none-eabi/13.3.1/thumb/v7e-m+fp/hard/libgcc.a
LOAD /Applications/STM32CubeIDE.app/Contents/Eclipse/plugins/com.st.stm32cube.ide.mcu.externaltools.gnu-tools-for-stm32.13.3.rel1.macos64_1.0.100.202509120712/tools/bin/../lib/gcc/arm-none-eabi/13.3.1/../../../../arm-none-eabi/lib/thumb/v7e-m+fp/hard/libc_nano.a
LOAD /Applications/STM32CubeIDE.app/Contents/Eclipse/plugins/com.st.stm32cube.ide.mcu.externaltools.gnu-tools-for-stm32.13.3.rel1.macos64_1.0.100.202509120712/tools/bin/../lib/gcc/arm-none-eabi/13.3.1/../../../../arm-none-eabi/lib/thumb/v7e-m+fp/hard/libnosys.a
END GROUP
START GROUP
LOAD /Applications/STM32CubeIDE.app/Contents/Eclipse/plugins/com.st.stm32cube.ide.mcu.externaltools.gnu-tools-for-stm32.13.3.rel1.macos64_1.0.100.202509120712/tools/bin/../lib/gcc/arm-none-eabi/13.3.1/thumb/v7e-m+fp/hard/libgcc.a
LOAD /Applications/STM32CubeIDE.app/Contents/Eclipse/plugins/com.st.stm32cube.ide.mcu.externaltools.gnu-tools-for-stm32.13.3.rel1.macos64_1.0.100.202509120712/tools/bin/../lib/gcc/arm-none-eabi/13.3.1/../../../../arm-none-eabi/lib/thumb/v7e-m+fp/hard/libc_nano.a
LOAD /Applications/STM32CubeIDE.app/Contents/Eclipse/plugins/com.st.stm32cube.ide.mcu.externaltools.gnu-tools-for-stm32.13.3.rel1.macos64_1.0.100.202509120712/tools/bin/../lib/gcc/arm-none-eabi/13.3.1/../../../../arm-none-eabi/lib/thumb/v7e-m+fp/hard/libnosys.a
END GROUP
LOAD /Applications/STM32CubeIDE.app/Contents/Eclipse/plugins/com.st.stm32cube.ide.mcu.externaltools.gnu-tools-for-stm32.13.3.rel1.macos64_1.0.100.202509120712/tools/bin/../lib/gcc/arm-none-eabi/13.3.1/thumb/v7e-m+fp/hard/crtend.o
LOAD /Applications/STM32CubeIDE.app/Contents/Eclipse/plugins/com.st.stm32cube.ide.mcu.externaltools.gnu-tools-for-stm32.13.3.rel1.macos64_1.0.100.202509120712/tools/bin/../lib/gcc/arm-none-eabi/13.3.1/thumb/v7e-m+fp/hard/crtn.o
                0x20020000                        _estack = (ORIGIN (RAM) + LENGTH (RAM))
                0x00000200                        _Min_Heap_Size = 0x200
                0x00000400                        _Min_Stack_Size = 0x400

.isr_vector     0x08000000      0x198
                0x08000000                        . = ALIGN (0x4)
 *(.isr_vector)
 .isr_vector    0x08000000      0x198 ./Core/Startup/startup_stm32f411retx.o
                0x08000000                g_pfnVectors
                0x08000198                        . = ALIGN (0x4)

.text           0x080001a0     0xc6c4
                0x080001a0                        . = ALIGN (0x4)
 *(.text)
 .text          0x080001a0       0x40 /Applications/STM32CubeIDE.app/Contents/Eclipse/plugins/com.st.stm32cube.ide.mcu.externaltools.gnu-tools-for-stm32.13.3.rel1.macos64_1.0.100.202509120712/tools/bin/../lib/gcc/arm-none-eabi/13.3.1/thumb/v7e-m+fp/hard/crtbegin.o
 .text          0x080001e0       0xa0 /Applications/STM32CubeIDE.app/Contents/Eclipse/plugins/com.st.stm32cube.ide.mcu.externaltools.gnu-tools-for-stm32.13.3.rel1.macos64_1.0.100.202509120712/tools/bin/../lib/gcc/arm-none-eabi/13.3.1/../../../../arm-none-eabi/lib/thumb/v7e-m+fp/hard/libc_nano.a(libc_a-memchr.o)
                0x080001e0                memchr
 .text          0x08000280       0x10 /Applications/STM32CubeIDE.app/Contents/Eclipse/plugins/com.st.stm32cube.ide.mcu.externaltools.gnu-tools-for-stm32.13.3.rel1.macos64_1.0.100.202509120712/tools/bin/../lib/gcc/arm-none-eabi/13.3.1/../../../../arm-none-eabi/lib/thumb/v7e-m+fp/hard/libc_nano.a(libc_a-strlen.o)
                0x08000280                strlen
 .text          0x08000290      0x378 /Applications/STM32CubeIDE.app/Contents/Eclipse/plugins/com.st.stm32cube.ide.mcu.externaltools.gnu-tools-for-stm32.13.3.rel1.macos64_1.0.100.202509120712/tools/bin/../lib/gcc/arm-none-eabi/13.3.1/thumb/v7e-m+fp/hard/libgcc.a(_arm_addsubdf3.o)
                0x08000290                __aeabi_drsub
                0x08000298                __subdf3
                0x08000298                __aeabi_dsub
                0x0800029c                __aeabi_dadd
                0x0800029c                __adddf3
                0x08000514                __aeabi_ui2d
                0x08000514                __floatunsidf
                0x08000534                __floatsidf
                0x08000534                __aeabi_i2d
                0x08000558                __extendsfdf2
                0x08000558                __aeabi_f2d
                0x0800059c                __aeabi_ul2d
                0x0800059c                __floatundidf
                0x080005ac                __aeabi_l2d
                0x080005ac                __floatdidf
 .text          0x08000608      0x424 /Applications/STM32CubeIDE.app/Contents/Eclipse/plugins/com.st.stm32cube.ide.mcu.externaltools.gnu-tools-for-stm32.13.3.rel1.macos64_1.0.100.202509120712/tools/bin/../lib/gcc/arm-none-eabi/13.3.1/thumb/v7e-m+fp/hard/libgcc.a(_arm_muldivdf3.o)
                0x08000608                __aeabi_dmul
                0x08000608                __muldf3
                0x0800085c                __aeabi_ddiv
                0x0800085c                __divdf3
 .text          0x08000a2c      0x110 /Applications/STM32CubeIDE.app/Contents/Eclipse/plugins/com.st.stm32cube.ide.mcu.externaltools.gnu-tools-for-stm32.13.3.rel1.macos64_1.0.100.202509120712/tools/bin/../lib/gcc/arm-none-eabi/13.3.1/thumb/v7e-m+fp/hard/libgcc.a(_arm_cmpdf2.o)
                0x08000a2c                __gedf2
                0x08000a2c                __gtdf2
                0x08000a34                __ledf2
                0x08000a34                __ltdf2
                0x08000a3c                __cmpdf2
                0x08000a3c                __eqdf2
                0x08000a3c                __nedf2
                0x08000ab8                __aeabi_cdrcmple
                0x08000ac8                __aeabi_cdcmple
                0x08000ac8                __aeabi_cdcmpeq
                0x08000ad8                __aeabi_dcmpeq
                0x08000aec                __aeabi_dcmplt
                0x08000b00                __aeabi_dcmple
                0x08000b14                __aeabi_dcmpge
                0x08000b28                __aeabi_dcmpgt
 .text          0x08000b3c       0x2c /Applications/STM32CubeIDE.app/Contents/Eclipse/plugins/com.st.stm32cube.ide.mcu.externaltools.gnu-tools-for-stm32.13.3.rel1.macos64_1.0.100.202509120712/tools/bin/../lib/gcc/arm-none-eabi/13.3.1/thumb/v7e-m+fp/hard/libgcc.a(_arm_unorddf2.o)
                0x08000b3c                __aeabi_dcmpun
                0x08000b3c                __unorddf2
 .text          0x08000b68       0x50 /Applications/STM32CubeIDE.app/Contents/Eclipse/plugins/com.st.stm32cube.ide.mcu.externaltools.gnu-tools-for-stm32.13.3.rel1.macos64_1.0.100.202509120712/tools/bin/../lib/gcc/arm-none-eabi/13.3.1/thumb/v7e-m+fp/hard/libgcc.a(_arm_fixdfsi.o)
                0x08000b68                __fixdfsi
                0x08000b68                __aeabi_d2iz
 .text          0x08000bb8       0x30 /Applications/STM32CubeIDE.app/Contents/Eclipse/plugins/com.st.stm32cube.ide.mcu.externaltools.gnu-tools-for-stm32.13.3.rel1.macos64_1.0.100.202509120712/tools/bin/../lib/gcc/arm-none-eabi/13.3.1/thumb/v7e-m+fp/hard/libgcc.a(_aeabi_uldivmod.o)
                0x08000bb8                __aeabi_uldivmod
 .text          0x08000be8      0x2f8 /Applications/STM32CubeIDE.app/Contents/Eclipse/plugins/com.st.stm32cube.ide.mcu.externaltools.gnu-tools-for-stm32.13.3.rel1.macos64_1.0.100.202509120712/tools/bin/../lib/gcc/arm-none-eabi/13.3.1/thumb/v7e-m+fp/hard/libgcc.a(_udivmoddi4.o)
                0x08000be8                __udivmoddi4
 .text          0x08000ee0        0x4 /Applications/STM32CubeIDE.app/Contents/Eclipse/plugins/com.st.stm32cube.ide.mcu.externaltools.gnu-tools-for-stm32.13.3.rel1.macos64_1.0.100.202509120712/tools/bin/../lib/gcc/arm-none-eabi/13.3.1/thumb/v7e-m+fp/hard/libgcc.a(_dvmd_tls.o)
                0x08000ee0                __aeabi_ldiv0
                0x08000ee0                __aeabi_idiv0
 *(.text*)
 .text.MX_ADC1_Init
                0x08000ee4      0x130 ./Core/Src/adc.o
                0x08000ee4                MX_ADC1_Init
 .text.HAL_ADC_MspInit
                0x08001014      0x160 ./Core/Src/adc.o
                0x08001014                HAL_ADC_MspInit
 .text.HAL_UART_TxCpltCallback
                0x08001174       0x2c ./Core/Src/bms_message.o
                0x08001174                HAL_UART_TxCpltCallback
 .text.TEMP_STATE_STR
                0x080011a0       0x48 ./Core/Src/bms_message.o
 .text.GAS_STATE_STR
                0x080011e8       0x48 ./Core/Src/bms_message.o
 .text.CURRENT_STATE_STR
                0x08001230       0x48 ./Core/Src/bms_message.o
 .text.VOLTAGE_STATE_STR
                0x08001278       0x60 ./Core/Src/bms_message.o
 .text.SPEED_CTRL_STR
                0x080012d8       0x6c ./Core/Src/bms_message.o
 .text.SEND_BMS_STATUS
                0x08001344      0x1fc ./Core/Src/bms_message.o
 .text.SHOW_UART2_BMS
                0x08001540       0x18 ./Core/Src/bms_message.o
                0x08001540                SHOW_UART2_BMS
 .text.SHOW_UART6_BMS
                0x08001558       0x18 ./Core/Src/bms_message.o
                0x08001558                SHOW_UART6_BMS
 .text.Car_Init
                0x08001570       0x16 ./Core/Src/car.o
                0x08001570                Car_Init
 *fill*         0x08001586        0x2 
 .text.Car_MovePercent
                0x08001588       0xa8 ./Core/Src/car.o
                0x08001588                Car_MovePercent
 .text.Car_Stop
                0x08001630       0x12 ./Core/Src/car.o
                0x08001630                Car_Stop
 *fill*         0x08001642        0x2 
 .text.delay_us
                0x08001644       0x34 ./Core/Src/delay.o
                0x08001644                delay_us
 .text.Left_Front
                0x08001678       0x28 ./Core/Src/direction.o
 .text.Left_Back
                0x080016a0       0x28 ./Core/Src/direction.o
 .text.Left_Stop
                0x080016c8       0x28 ./Core/Src/direction.o
 .text.Right_Front
                0x080016f0       0x24 ./Core/Src/direction.o
 .text.Right_Back
                0x08001714       0x24 ./Core/Src/direction.o
 .text.Right_Stop
                0x08001738       0x24 ./Core/Src/direction.o
 .text.Direction_Set
                0x0800175c       0xa8 ./Core/Src/direction.o
                0x0800175c                Direction_Set
 .text.MX_DMA_Init
                0x08001804       0x50 ./Core/Src/dma.o
                0x08001804                MX_DMA_Init
 .text.Gas_ReadADC
                0x08001854       0x18 ./Core/Src/gas2.o
                0x08001854                Gas_ReadADC
 .text.Gas_ReadADC_Avg
                0x0800186c       0x38 ./Core/Src/gas2.o
                0x0800186c                Gas_ReadADC_Avg
 .text.Gas_GetLevelFromADC
                0x080018a4       0x34 ./Core/Src/gas2.o
                0x080018a4                Gas_GetLevelFromADC
 .text.MX_GPIO_Init
                0x080018d8      0x118 ./Core/Src/gpio.o
                0x080018d8                MX_GPIO_Init
 .text.MX_I2C1_Init
                0x080019f0       0x5c ./Core/Src/i2c.o
                0x080019f0                MX_I2C1_Init
 .text.MX_I2C2_Init
                0x08001a4c       0x5c ./Core/Src/i2c.o
                0x08001a4c                MX_I2C2_Init
 .text.MX_I2C3_Init
                0x08001aa8       0x5c ./Core/Src/i2c.o
                0x08001aa8                MX_I2C3_Init
 .text.HAL_I2C_MspInit
                0x08001b04      0x1c4 ./Core/Src/i2c.o
                0x08001b04                HAL_I2C_MspInit
 .text.INA219_BMS_WriteReg
                0x08001cc8       0x50 ./Core/Src/ina219_bms.o
 .text.INA219_BMS_ReadReg
                0x08001d18       0x60 ./Core/Src/ina219_bms.o
 .text.INA219_BMS_Init
                0x08001d78       0x32 ./Core/Src/ina219_bms.o
                0x08001d78                INA219_BMS_Init
 *fill*         0x08001daa        0x2 
 .text.INA219_BMS_ReadCurrent_mA
                0x08001dac       0x44 ./Core/Src/ina219_bms.o
                0x08001dac                INA219_BMS_ReadCurrent_mA
 .text.INA219_BMS_ReadVoltage_mV
                0x08001df0       0x70 ./Core/Src/ina219_bms.o
                0x08001df0                INA219_BMS_ReadVoltage_mV
 .text.INA219_BMS_GetCurrentState
                0x08001e60       0x32 ./Core/Src/ina219_bms.o
                0x08001e60                INA219_BMS_GetCurrentState
 .text.INA219_BMS_GetVoltageState
                0x08001e92       0x4e ./Core/Src/ina219_bms.o
                0x08001e92                INA219_BMS_GetVoltageState
 .text.__io_putchar
                0x08001ee0       0x3c ./Core/Src/main.o
                0x08001ee0                __io_putchar
 .text.main     0x08001f1c       0x68 ./Core/Src/main.o
                0x08001f1c                main
 .text.SystemClock_Config
                0x08001f84       0xd0 ./Core/Src/main.o
                0x08001f84                SystemClock_Config
 .text.Error_Handler
                0x08002054        0xc ./Core/Src/main.o
                0x08002054                Error_Handler
 .text.Speed_Init
                0x08002060       0x44 ./Core/Src/speed.o
                0x08002060                Speed_Init
 .text.Speed_Start
                0x080020a4       0x4c ./Core/Src/speed.o
                0x080020a4                Speed_Start
 .text.Speed_SetRaw
                0x080020f0       0xb0 ./Core/Src/speed.o
                0x080020f0                Speed_SetRaw
 .text.Speed_SetPercent
                0x080021a0       0x8c ./Core/Src/speed.o
                0x080021a0                Speed_SetPercent
 .text.Speed_SetPercentBoth
                0x0800222c       0x2c ./Core/Src/speed.o
                0x0800222c                Speed_SetPercentBoth
 .text.Speed_StopAll
                0x08002258       0x18 ./Core/Src/speed.o
                0x08002258                Speed_StopAll
 .text.STMACHINE_Init
                0x08002270       0x5c ./Core/Src/statemachine.o
                0x08002270                STMACHINE_Init
 .text.HAL_UART_RxCpltCallback
                0x080022cc       0x48 ./Core/Src/statemachine.o
                0x080022cc                HAL_UART_RxCpltCallback
 .text.TEMP_TASK
                0x08002314       0x6c ./Core/Src/statemachine.o
 .text.STMACHINE_GetTempState
                0x08002380       0x18 ./Core/Src/statemachine.o
                0x08002380                STMACHINE_GetTempState
 .text.STMACHINE_GetTempC
                0x08002398       0x18 ./Core/Src/statemachine.o
                0x08002398                STMACHINE_GetTempC
 .text.GAS_TASK
                0x080023b0       0x54 ./Core/Src/statemachine.o
 .text.STMACHINE_GetGasState
                0x08002404       0x18 ./Core/Src/statemachine.o
                0x08002404                STMACHINE_GetGasState
 .text.INA219_BMS_TASK
                0x0800241c       0x78 ./Core/Src/statemachine.o
 .text.STMACHINE_GetBmsVoltageState
                0x08002494       0x18 ./Core/Src/statemachine.o
                0x08002494                STMACHINE_GetBmsVoltageState
 .text.STMACHINE_GetBmsCurrentState
                0x080024ac       0x18 ./Core/Src/statemachine.o
                0x080024ac                STMACHINE_GetBmsCurrentState
 .text.STMACHINE_GetBmsVoltagemV
                0x080024c4       0x18 ./Core/Src/statemachine.o
                0x080024c4                STMACHINE_GetBmsVoltagemV
 .text.STMACHINE_GetBmsCurrentmA
                0x080024dc       0x18 ./Core/Src/statemachine.o
                0x080024dc                STMACHINE_GetBmsCurrentmA
 .text.STMACHINE_GetActualSpeed
                0x080024f4       0x18 ./Core/Src/statemachine.o
                0x080024f4                STMACHINE_GetActualSpeed
 .text.DC_CONTROL_MANUAL_PERCENT
                0x0800250c      0x18c ./Core/Src/statemachine.o
 .text.DC_CONTROL_AUTO_PERCENT
                0x08002698      0x2b0 ./Core/Src/statemachine.o
                0x08002698                DC_CONTROL_AUTO_PERCENT
 .text.ST_FLAG  0x08002948       0x64 ./Core/Src/statemachine.o
                0x08002948                ST_FLAG
 .text.GetWarningCount
                0x080029ac       0x58 ./Core/Src/statemachine.o
 .text.HasDangerState
                0x08002a04       0x50 ./Core/Src/statemachine.o
 .text.UpdateDangerReason
                0x08002a54       0xf8 ./Core/Src/statemachine.o
 .text.STMACHINE_GetDangerReason
                0x08002b4c       0x14 ./Core/Src/statemachine.o
                0x08002b4c                STMACHINE_GetDangerReason
 .text.UpdateCurrentSpeed
                0x08002b60      0x158 ./Core/Src/statemachine.o
 .text.STMACHINE_GetModeString
                0x08002cb8       0x28 ./Core/Src/statemachine.o
                0x08002cb8                STMACHINE_GetModeString
 .text.STMACHINE_GetTraceString
                0x08002ce0       0x28 ./Core/Src/statemachine.o
                0x08002ce0                STMACHINE_GetTraceString
 .text.STMACHINE_GetWarningCount
                0x08002d08       0x18 ./Core/Src/statemachine.o
                0x08002d08                STMACHINE_GetWarningCount
 .text.STMACHINE_GetReductionStep
                0x08002d20       0x18 ./Core/Src/statemachine.o
                0x08002d20                STMACHINE_GetReductionStep
 .text.STMACHINE_IsDangerLatched
                0x08002d38       0x18 ./Core/Src/statemachine.o
                0x08002d38                STMACHINE_IsDangerLatched
 .text.TRACE_TASK
                0x08002d50       0x60 ./Core/Src/statemachine.o
 .text.ST_MACHINE
                0x08002db0       0x84 ./Core/Src/statemachine.o
                0x08002db0                ST_MACHINE
 .text.HAL_MspInit
                0x08002e34       0x50 ./Core/Src/stm32f4xx_hal_msp.o
                0x08002e34                HAL_MspInit
 .text.NMI_Handler
                0x08002e84        0x8 ./Core/Src/stm32f4xx_it.o
                0x08002e84                NMI_Handler
 .text.HardFault_Handler
                0x08002e8c        0x8 ./Core/Src/stm32f4xx_it.o
                0x08002e8c                HardFault_Handler
 .text.MemManage_Handler
                0x08002e94        0x8 ./Core/Src/stm32f4xx_it.o
                0x08002e94                MemManage_Handler
 .text.BusFault_Handler
                0x08002e9c        0x8 ./Core/Src/stm32f4xx_it.o
                0x08002e9c                BusFault_Handler
 .text.UsageFault_Handler
                0x08002ea4        0x8 ./Core/Src/stm32f4xx_it.o
                0x08002ea4                UsageFault_Handler
 .text.SVC_Handler
                0x08002eac        0xe ./Core/Src/stm32f4xx_it.o
                0x08002eac                SVC_Handler
 .text.DebugMon_Handler
                0x08002eba        0xe ./Core/Src/stm32f4xx_it.o
                0x08002eba                DebugMon_Handler
 .text.PendSV_Handler
                0x08002ec8        0xe ./Core/Src/stm32f4xx_it.o
                0x08002ec8                PendSV_Handler
 .text.SysTick_Handler
                0x08002ed6        0xc ./Core/Src/stm32f4xx_it.o
                0x08002ed6                SysTick_Handler
 *fill*         0x08002ee2        0x2 
 .text.TIM3_IRQHandler
                0x08002ee4       0x14 ./Core/Src/stm32f4xx_it.o
                0x08002ee4                TIM3_IRQHandler
 .text.USART1_IRQHandler
                0x08002ef8       0x14 ./Core/Src/stm32f4xx_it.o
                0x08002ef8                USART1_IRQHandler
 .text.USART2_IRQHandler
                0x08002f0c       0x14 ./Core/Src/stm32f4xx_it.o
                0x08002f0c                USART2_IRQHandler
 .text.DMA2_Stream0_IRQHandler
                0x08002f20       0x14 ./Core/Src/stm32f4xx_it.o
                0x08002f20                DMA2_Stream0_IRQHandler
 .text.DMA2_Stream6_IRQHandler
                0x08002f34       0x14 ./Core/Src/stm32f4xx_it.o
                0x08002f34                DMA2_Stream6_IRQHandler
 .text.USART6_IRQHandler
                0x08002f48       0x14 ./Core/Src/stm32f4xx_it.o
                0x08002f48                USART6_IRQHandler
 .text._getpid  0x08002f5c       0x10 ./Core/Src/syscalls.o
                0x08002f5c                _getpid
 .text._kill    0x08002f6c       0x20 ./Core/Src/syscalls.o
                0x08002f6c                _kill
 .text._exit    0x08002f8c       0x16 ./Core/Src/syscalls.o
                0x08002f8c                _exit
 .text._read    0x08002fa2       0x3a ./Core/Src/syscalls.o
                0x08002fa2                _read
 .text._write   0x08002fdc       0x38 ./Core/Src/syscalls.o
                0x08002fdc                _write
 .text._close   0x08003014       0x18 ./Core/Src/syscalls.o
                0x08003014                _close
 .text._fstat   0x0800302c       0x20 ./Core/Src/syscalls.o
                0x0800302c                _fstat
 .text._isatty  0x0800304c       0x16 ./Core/Src/syscalls.o
                0x0800304c                _isatty
 .text._lseek   0x08003062       0x1a ./Core/Src/syscalls.o
                0x08003062                _lseek
 .text._sbrk    0x0800307c       0x6c ./Core/Src/sysmem.o
                0x0800307c                _sbrk
 .text.SystemInit
                0x080030e8       0x24 ./Core/Src/system_stm32f4xx.o
                0x080030e8                SystemInit
 .text.Temp_ReadADC
                0x0800310c       0x18 ./Core/Src/temp.o
                0x0800310c                Temp_ReadADC
 .text.ln_approx
                0x08003124       0x2c ./Core/Src/temp.o
 .text.Temp_CalcCelsius
                0x08003150       0xa8 ./Core/Src/temp.o
                0x08003150                Temp_CalcCelsius
 .text.Temp_GetState
                0x080031f8       0x30 ./Core/Src/temp.o
                0x080031f8                Temp_GetState
 .text.MX_TIM1_Init
                0x08003228      0x120 ./Core/Src/tim.o
                0x08003228                MX_TIM1_Init
 .text.MX_TIM2_Init
                0x08003348       0xc8 ./Core/Src/tim.o
                0x08003348                MX_TIM2_Init
 .text.MX_TIM3_Init
                0x08003410       0xd4 ./Core/Src/tim.o
                0x08003410                MX_TIM3_Init
 .text.MX_TIM4_Init
                0x080034e4       0xb4 ./Core/Src/tim.o
                0x080034e4                MX_TIM4_Init
 .text.MX_TIM10_Init
                0x08003598       0x94 ./Core/Src/tim.o
                0x08003598                MX_TIM10_Init
 .text.MX_TIM11_Init
                0x0800362c       0x48 ./Core/Src/tim.o
                0x0800362c                MX_TIM11_Init
 .text.HAL_TIM_PWM_MspInit
                0x08003674       0x98 ./Core/Src/tim.o
                0x08003674                HAL_TIM_PWM_MspInit
 .text.HAL_TIM_IC_MspInit
                0x0800370c       0xa0 ./Core/Src/tim.o
                0x0800370c                HAL_TIM_IC_MspInit
 .text.HAL_TIM_Base_MspInit
                0x080037ac       0x70 ./Core/Src/tim.o
                0x080037ac                HAL_TIM_Base_MspInit
 .text.HAL_TIM_MspPostInit
                0x0800381c      0x10c ./Core/Src/tim.o
                0x0800381c                HAL_TIM_MspPostInit
 .text.Sensor_Filter
                0x08003928      0x184 ./Core/Src/trace.o
                0x08003928                Sensor_Filter
 .text.Sun_Position
                0x08003aac       0x78 ./Core/Src/trace.o
                0x08003aac                Sun_Position
 .text.Target_Update
                0x08003b24       0xac ./Core/Src/trace.o
                0x08003b24                Target_Update
 .text.Servo_Move
                0x08003bd0       0x94 ./Core/Src/trace.o
                0x08003bd0                Servo_Move
 .text.trig_pulse
                0x08003c64       0x44 ./Core/Src/ultrasonic.o
 .text.process_capture
                0x08003ca8      0x20c ./Core/Src/ultrasonic.o
 .text.Ultrasonic_Init
                0x08003eb4      0x130 ./Core/Src/ultrasonic.o
                0x08003eb4                Ultrasonic_Init
 .text.Ultrasonic_TriggerAll
                0x08003fe4       0x74 ./Core/Src/ultrasonic.o
                0x08003fe4                Ultrasonic_TriggerAll
 .text.Ultrasonic_TriggerOne
                0x08004058       0x48 ./Core/Src/ultrasonic.o
                0x08004058                Ultrasonic_TriggerOne
 .text.Ultrasonic_GetDistanceCm
                0x080040a0       0x38 ./Core/Src/ultrasonic.o
                0x080040a0                Ultrasonic_GetDistanceCm
 .text.HAL_TIM_IC_CaptureCallback
                0x080040d8       0x16 ./Core/Src/ultrasonic.o
                0x080040d8                HAL_TIM_IC_CaptureCallback
 *fill*         0x080040ee        0x2 
 .text.Ultrasonic_IC_CaptureCallback
                0x080040f0       0x74 ./Core/Src/ultrasonic.o
                0x080040f0                Ultrasonic_IC_CaptureCallback
 .text.MX_USART1_UART_Init
                0x08004164       0x54 ./Core/Src/usart.o
                0x08004164                MX_USART1_UART_Init
 .text.MX_USART2_UART_Init
                0x080041b8       0x54 ./Core/Src/usart.o
                0x080041b8                MX_USART2_UART_Init
 .text.MX_USART6_UART_Init
                0x0800420c       0x54 ./Core/Src/usart.o
                0x0800420c                MX_USART6_UART_Init
 .text.HAL_UART_MspInit
                0x08004260      0x238 ./Core/Src/usart.o
                0x08004260                HAL_UART_MspInit
 .text.Reset_Handler
                0x08004498       0x50 ./Core/Startup/startup_stm32f411retx.o
                0x08004498                Reset_Handler
 .text.Default_Handler
                0x080044e8        0x2 ./Core/Startup/startup_stm32f411retx.o
                0x080044e8                DMA1_Stream3_IRQHandler
                0x080044e8                EXTI2_IRQHandler
                0x080044e8                SPI4_IRQHandler
                0x080044e8                TIM1_CC_IRQHandler
                0x080044e8                DMA2_Stream5_IRQHandler
                0x080044e8                DMA1_Stream5_IRQHandler
                0x080044e8                PVD_IRQHandler
                0x080044e8                SDIO_IRQHandler
                0x080044e8                TAMP_STAMP_IRQHandler
                0x080044e8                EXTI3_IRQHandler
                0x080044e8                TIM1_UP_TIM10_IRQHandler
                0x080044e8                I2C3_ER_IRQHandler
                0x080044e8                EXTI0_IRQHandler
                0x080044e8                I2C2_EV_IRQHandler
                0x080044e8                DMA1_Stream2_IRQHandler
                0x080044e8                FPU_IRQHandler
                0x080044e8                DMA2_Stream2_IRQHandler
                0x080044e8                SPI1_IRQHandler
                0x080044e8                TIM1_BRK_TIM9_IRQHandler
                0x080044e8                DMA2_Stream3_IRQHandler
                0x080044e8                TIM4_IRQHandler
                0x080044e8                I2C1_EV_IRQHandler
                0x080044e8                DMA1_Stream6_IRQHandler
                0x080044e8                DMA1_Stream1_IRQHandler
                0x080044e8                RCC_IRQHandler
                0x080044e8                Default_Handler
                0x080044e8                EXTI15_10_IRQHandler
                0x080044e8                ADC_IRQHandler
                0x080044e8                DMA1_Stream7_IRQHandler
                0x080044e8                SPI5_IRQHandler
                0x080044e8                TIM5_IRQHandler
                0x080044e8                DMA2_Stream7_IRQHandler
                0x080044e8                I2C3_EV_IRQHandler
                0x080044e8                EXTI9_5_IRQHandler
                0x080044e8                RTC_WKUP_IRQHandler
                0x080044e8                SPI2_IRQHandler
                0x080044e8                DMA1_Stream0_IRQHandler
                0x080044e8                EXTI4_IRQHandler
                0x080044e8                WWDG_IRQHandler
                0x080044e8                TIM2_IRQHandler
                0x080044e8                OTG_FS_WKUP_IRQHandler
                0x080044e8                TIM1_TRG_COM_TIM11_IRQHandler
                0x080044e8                EXTI1_IRQHandler
                0x080044e8                I2C2_ER_IRQHandler
                0x080044e8                DMA2_Stream1_IRQHandler
                0x080044e8                FLASH_IRQHandler
                0x080044e8                DMA2_Stream4_IRQHandler
                0x080044e8                OTG_FS_IRQHandler
                0x080044e8                SPI3_IRQHandler
                0x080044e8                DMA1_Stream4_IRQHandler
                0x080044e8                I2C1_ER_IRQHandler
                0x080044e8                RTC_Alarm_IRQHandler
 *fill*         0x080044ea        0x2 
 .text.HAL_Init
                0x080044ec       0x44 ./Drivers/STM32F4xx_HAL_Driver/Src/stm32f4xx_hal.o
                0x080044ec                HAL_Init
 .text.HAL_InitTick
                0x08004530       0x60 ./Drivers/STM32F4xx_HAL_Driver/Src/stm32f4xx_hal.o
                0x08004530                HAL_InitTick
 .text.HAL_IncTick
                0x08004590       0x28 ./Drivers/STM32F4xx_HAL_Driver/Src/stm32f4xx_hal.o
                0x08004590                HAL_IncTick
 .text.HAL_GetTick
                0x080045b8       0x18 ./Drivers/STM32F4xx_HAL_Driver/Src/stm32f4xx_hal.o
                0x080045b8                HAL_GetTick
 .text.HAL_ADC_Init
                0x080045d0       0x86 ./Drivers/STM32F4xx_HAL_Driver/Src/stm32f4xx_hal_adc.o
                0x080045d0                HAL_ADC_Init
 *fill*         0x08004656        0x2 
 .text.HAL_ADC_Start_DMA
                0x08004658      0x1e8 ./Drivers/STM32F4xx_HAL_Driver/Src/stm32f4xx_hal_adc.o
                0x08004658                HAL_ADC_Start_DMA
 .text.HAL_ADC_ConvCpltCallback
                0x08004840       0x14 ./Drivers/STM32F4xx_HAL_Driver/Src/stm32f4xx_hal_adc.o
                0x08004840                HAL_ADC_ConvCpltCallback
 .text.HAL_ADC_ConvHalfCpltCallback
                0x08004854       0x14 ./Drivers/STM32F4xx_HAL_Driver/Src/stm32f4xx_hal_adc.o
                0x08004854                HAL_ADC_ConvHalfCpltCallback
 .text.HAL_ADC_ErrorCallback
                0x08004868       0x14 ./Drivers/STM32F4xx_HAL_Driver/Src/stm32f4xx_hal_adc.o
                0x08004868                HAL_ADC_ErrorCallback
 .text.HAL_ADC_ConfigChannel
                0x0800487c      0x264 ./Drivers/STM32F4xx_HAL_Driver/Src/stm32f4xx_hal_adc.o
                0x0800487c                HAL_ADC_ConfigChannel
 .text.ADC_Init
                0x08004ae0      0x1f8 ./Drivers/STM32F4xx_HAL_Driver/Src/stm32f4xx_hal_adc.o
 .text.ADC_DMAConvCplt
                0x08004cd8       0xba ./Drivers/STM32F4xx_HAL_Driver/Src/stm32f4xx_hal_adc.o
 .text.ADC_DMAHalfConvCplt
                0x08004d92       0x1c ./Drivers/STM32F4xx_HAL_Driver/Src/stm32f4xx_hal_adc.o
 .text.ADC_DMAError
                0x08004dae       0x2e ./Drivers/STM32F4xx_HAL_Driver/Src/stm32f4xx_hal_adc.o
 .text.__NVIC_SetPriorityGrouping
                0x08004ddc       0x48 ./Drivers/STM32F4xx_HAL_Driver/Src/stm32f4xx_hal_cortex.o
 .text.__NVIC_GetPriorityGrouping
                0x08004e24       0x1c ./Drivers/STM32F4xx_HAL_Driver/Src/stm32f4xx_hal_cortex.o
 .text.__NVIC_EnableIRQ
                0x08004e40       0x3c ./Drivers/STM32F4xx_HAL_Driver/Src/stm32f4xx_hal_cortex.o
 .text.__NVIC_SetPriority
                0x08004e7c       0x54 ./Drivers/STM32F4xx_HAL_Driver/Src/stm32f4xx_hal_cortex.o
 .text.NVIC_EncodePriority
                0x08004ed0       0x66 ./Drivers/STM32F4xx_HAL_Driver/Src/stm32f4xx_hal_cortex.o
 *fill*         0x08004f36        0x2 
 .text.SysTick_Config
                0x08004f38       0x44 ./Drivers/STM32F4xx_HAL_Driver/Src/stm32f4xx_hal_cortex.o
 .text.HAL_NVIC_SetPriorityGrouping
                0x08004f7c       0x16 ./Drivers/STM32F4xx_HAL_Driver/Src/stm32f4xx_hal_cortex.o
                0x08004f7c                HAL_NVIC_SetPriorityGrouping
 .text.HAL_NVIC_SetPriority
                0x08004f92       0x38 ./Drivers/STM32F4xx_HAL_Driver/Src/stm32f4xx_hal_cortex.o
                0x08004f92                HAL_NVIC_SetPriority
 .text.HAL_NVIC_EnableIRQ
                0x08004fca       0x1c ./Drivers/STM32F4xx_HAL_Driver/Src/stm32f4xx_hal_cortex.o
                0x08004fca                HAL_NVIC_EnableIRQ
 .text.HAL_SYSTICK_Config
                0x08004fe6       0x18 ./Drivers/STM32F4xx_HAL_Driver/Src/stm32f4xx_hal_cortex.o
                0x08004fe6                HAL_SYSTICK_Config
 *fill*         0x08004ffe        0x2 
 .text.HAL_DMA_Init
                0x08005000      0x15c ./Drivers/STM32F4xx_HAL_Driver/Src/stm32f4xx_hal_dma.o
                0x08005000                HAL_DMA_Init
 .text.HAL_DMA_Start_IT
                0x0800515c       0xb0 ./Drivers/STM32F4xx_HAL_Driver/Src/stm32f4xx_hal_dma.o
                0x0800515c                HAL_DMA_Start_IT
 .text.HAL_DMA_Abort
                0x0800520c       0xe0 ./Drivers/STM32F4xx_HAL_Driver/Src/stm32f4xx_hal_dma.o
                0x0800520c                HAL_DMA_Abort
 .text.HAL_DMA_Abort_IT
                0x080052ec       0x44 ./Drivers/STM32F4xx_HAL_Driver/Src/stm32f4xx_hal_dma.o
                0x080052ec                HAL_DMA_Abort_IT
 .text.HAL_DMA_IRQHandler
                0x08005330      0x314 ./Drivers/STM32F4xx_HAL_Driver/Src/stm32f4xx_hal_dma.o
                0x08005330                HAL_DMA_IRQHandler
 .text.DMA_SetConfig
                0x08005644       0x5c ./Drivers/STM32F4xx_HAL_Driver/Src/stm32f4xx_hal_dma.o
 .text.DMA_CalcBaseAndBitshift
                0x080056a0       0x6c ./Drivers/STM32F4xx_HAL_Driver/Src/stm32f4xx_hal_dma.o
 .text.DMA_CheckFifoParam
                0x0800570c       0xf8 ./Drivers/STM32F4xx_HAL_Driver/Src/stm32f4xx_hal_dma.o
 .text.HAL_GPIO_Init
                0x08005804      0x308 ./Drivers/STM32F4xx_HAL_Driver/Src/stm32f4xx_hal_gpio.o
                0x08005804                HAL_GPIO_Init
 .text.HAL_GPIO_WritePin
                0x08005b0c       0x32 ./Drivers/STM32F4xx_HAL_Driver/Src/stm32f4xx_hal_gpio.o
                0x08005b0c                HAL_GPIO_WritePin
 *fill*         0x08005b3e        0x2 
 .text.HAL_I2C_Init
                0x08005b40      0x288 ./Drivers/STM32F4xx_HAL_Driver/Src/stm32f4xx_hal_i2c.o
                0x08005b40                HAL_I2C_Init
 .text.HAL_I2C_Mem_Write
                0x08005dc8      0x1f4 ./Drivers/STM32F4xx_HAL_Driver/Src/stm32f4xx_hal_i2c.o
                0x08005dc8                HAL_I2C_Mem_Write
 .text.HAL_I2C_Mem_Read
                0x08005fbc      0x464 ./Drivers/STM32F4xx_HAL_Driver/Src/stm32f4xx_hal_i2c.o
                0x08005fbc                HAL_I2C_Mem_Read
 .text.I2C_RequestMemoryWrite
                0x08006420      0x12c ./Drivers/STM32F4xx_HAL_Driver/Src/stm32f4xx_hal_i2c.o
 .text.I2C_RequestMemoryRead
                0x0800654c      0x1d0 ./Drivers/STM32F4xx_HAL_Driver/Src/stm32f4xx_hal_i2c.o
 .text.I2C_WaitOnFlagUntilTimeout
                0x0800671c       0xf4 ./Drivers/STM32F4xx_HAL_Driver/Src/stm32f4xx_hal_i2c.o
 .text.I2C_WaitOnMasterAddressFlagUntilTimeout
                0x08006810      0x140 ./Drivers/STM32F4xx_HAL_Driver/Src/stm32f4xx_hal_i2c.o
 .text.I2C_WaitOnTXEFlagUntilTimeout
                0x08006950       0x90 ./Drivers/STM32F4xx_HAL_Driver/Src/stm32f4xx_hal_i2c.o
 .text.I2C_WaitOnBTFFlagUntilTimeout
                0x080069e0       0x90 ./Drivers/STM32F4xx_HAL_Driver/Src/stm32f4xx_hal_i2c.o
 .text.I2C_WaitOnRXNEFlagUntilTimeout
                0x08006a70       0xba ./Drivers/STM32F4xx_HAL_Driver/Src/stm32f4xx_hal_i2c.o
 .text.I2C_IsAcknowledgeFailed
                0x08006b2a       0x5e ./Drivers/STM32F4xx_HAL_Driver/Src/stm32f4xx_hal_i2c.o
 .text.HAL_RCC_OscConfig
                0x08006b88      0x4f0 ./Drivers/STM32F4xx_HAL_Driver/Src/stm32f4xx_hal_rcc.o
                0x08006b88                HAL_RCC_OscConfig
 .text.HAL_RCC_ClockConfig
                0x08007078      0x1cc ./Drivers/STM32F4xx_HAL_Driver/Src/stm32f4xx_hal_rcc.o
                0x08007078                HAL_RCC_ClockConfig
 .text.HAL_RCC_GetSysClockFreq
                0x08007244      0x18c ./Drivers/STM32F4xx_HAL_Driver/Src/stm32f4xx_hal_rcc.o
                0x08007244                HAL_RCC_GetSysClockFreq
 .text.HAL_RCC_GetHCLKFreq
                0x080073d0       0x18 ./Drivers/STM32F4xx_HAL_Driver/Src/stm32f4xx_hal_rcc.o
                0x080073d0                HAL_RCC_GetHCLKFreq
 .text.HAL_RCC_GetPCLK1Freq
                0x080073e8       0x28 ./Drivers/STM32F4xx_HAL_Driver/Src/stm32f4xx_hal_rcc.o
                0x080073e8                HAL_RCC_GetPCLK1Freq
 .text.HAL_RCC_GetPCLK2Freq
                0x08007410       0x28 ./Drivers/STM32F4xx_HAL_Driver/Src/stm32f4xx_hal_rcc.o
                0x08007410                HAL_RCC_GetPCLK2Freq
 .text.HAL_TIM_Base_Init
                0x08007438       0x9e ./Drivers/STM32F4xx_HAL_Driver/Src/stm32f4xx_hal_tim.o
                0x08007438                HAL_TIM_Base_Init
 *fill*         0x080074d6        0x2 
 .text.HAL_TIM_Base_Start
                0x080074d8       0xb4 ./Drivers/STM32F4xx_HAL_Driver/Src/stm32f4xx_hal_tim.o
                0x080074d8                HAL_TIM_Base_Start
 .text.HAL_TIM_PWM_Init
                0x0800758c       0x9e ./Drivers/STM32F4xx_HAL_Driver/Src/stm32f4xx_hal_tim.o
                0x0800758c                HAL_TIM_PWM_Init
 *fill*         0x0800762a        0x2 
 .text.HAL_TIM_PWM_Start
                0x0800762c      0x160 ./Drivers/STM32F4xx_HAL_Driver/Src/stm32f4xx_hal_tim.o
                0x0800762c                HAL_TIM_PWM_Start
 .text.HAL_TIM_IC_Init
                0x0800778c       0x9e ./Drivers/STM32F4xx_HAL_Driver/Src/stm32f4xx_hal_tim.o
                0x0800778c                HAL_TIM_IC_Init
 *fill*         0x0800782a        0x2 
 .text.HAL_TIM_IC_Start_IT
                0x0800782c      0x234 ./Drivers/STM32F4xx_HAL_Driver/Src/stm32f4xx_hal_tim.o
                0x0800782c                HAL_TIM_IC_Start_IT
 .text.HAL_TIM_IRQHandler
                0x08007a60      0x1e0 ./Drivers/STM32F4xx_HAL_Driver/Src/stm32f4xx_hal_tim.o
                0x08007a60                HAL_TIM_IRQHandler
 .text.HAL_TIM_IC_ConfigChannel
                0x08007c40      0x138 ./Drivers/STM32F4xx_HAL_Driver/Src/stm32f4xx_hal_tim.o
                0x08007c40                HAL_TIM_IC_ConfigChannel
 .text.HAL_TIM_PWM_ConfigChannel
                0x08007d78      0x184 ./Drivers/STM32F4xx_HAL_Driver/Src/stm32f4xx_hal_tim.o
                0x08007d78                HAL_TIM_PWM_ConfigChannel
 .text.HAL_TIM_ReadCapturedValue
                0x08007efc       0x88 ./Drivers/STM32F4xx_HAL_Driver/Src/stm32f4xx_hal_tim.o
                0x08007efc                HAL_TIM_ReadCapturedValue
 .text.HAL_TIM_PeriodElapsedCallback
                0x08007f84       0x14 ./Drivers/STM32F4xx_HAL_Driver/Src/stm32f4xx_hal_tim.o
                0x08007f84                HAL_TIM_PeriodElapsedCallback
 .text.HAL_TIM_OC_DelayElapsedCallback
                0x08007f98       0x14 ./Drivers/STM32F4xx_HAL_Driver/Src/stm32f4xx_hal_tim.o
                0x08007f98                HAL_TIM_OC_DelayElapsedCallback
 .text.HAL_TIM_PWM_PulseFinishedCallback
                0x08007fac       0x14 ./Drivers/STM32F4xx_HAL_Driver/Src/stm32f4xx_hal_tim.o
                0x08007fac                HAL_TIM_PWM_PulseFinishedCallback
 .text.HAL_TIM_TriggerCallback
                0x08007fc0       0x14 ./Drivers/STM32F4xx_HAL_Driver/Src/stm32f4xx_hal_tim.o
                0x08007fc0                HAL_TIM_TriggerCallback
 .text.TIM_Base_SetConfig
                0x08007fd4      0x10c ./Drivers/STM32F4xx_HAL_Driver/Src/stm32f4xx_hal_tim.o
                0x08007fd4                TIM_Base_SetConfig
 .text.TIM_OC1_SetConfig
                0x080080e0       0xcc ./Drivers/STM32F4xx_HAL_Driver/Src/stm32f4xx_hal_tim.o
 .text.TIM_OC2_SetConfig
                0x080081ac       0xd8 ./Drivers/STM32F4xx_HAL_Driver/Src/stm32f4xx_hal_tim.o
                0x080081ac                TIM_OC2_SetConfig
 .text.TIM_OC3_SetConfig
                0x08008284       0xd4 ./Drivers/STM32F4xx_HAL_Driver/Src/stm32f4xx_hal_tim.o
 .text.TIM_OC4_SetConfig
                0x08008358       0xa0 ./Drivers/STM32F4xx_HAL_Driver/Src/stm32f4xx_hal_tim.o
 .text.TIM_TI1_SetConfig
                0x080083f8       0xd0 ./Drivers/STM32F4xx_HAL_Driver/Src/stm32f4xx_hal_tim.o
                0x080083f8                TIM_TI1_SetConfig
 .text.TIM_TI2_SetConfig
                0x080084c8       0x7a ./Drivers/STM32F4xx_HAL_Driver/Src/stm32f4xx_hal_tim.o
 .text.TIM_TI3_SetConfig
                0x08008542       0x78 ./Drivers/STM32F4xx_HAL_Driver/Src/stm32f4xx_hal_tim.o
 .text.TIM_TI4_SetConfig
                0x080085ba       0x7a ./Drivers/STM32F4xx_HAL_Driver/Src/stm32f4xx_hal_tim.o
 .text.TIM_CCxChannelCmd
                0x08008634       0x4a ./Drivers/STM32F4xx_HAL_Driver/Src/stm32f4xx_hal_tim.o
                0x08008634                TIM_CCxChannelCmd
 *fill*         0x0800867e        0x2 
 .text.HAL_TIMEx_MasterConfigSynchronization
                0x08008680       0xdc ./Drivers/STM32F4xx_HAL_Driver/Src/stm32f4xx_hal_tim_ex.o
                0x08008680                HAL_TIMEx_MasterConfigSynchronization
 .text.HAL_TIMEx_ConfigBreakDeadTime
                0x0800875c       0xa4 ./Drivers/STM32F4xx_HAL_Driver/Src/stm32f4xx_hal_tim_ex.o
                0x0800875c                HAL_TIMEx_ConfigBreakDeadTime
 .text.HAL_TIMEx_CommutCallback
                0x08008800       0x14 ./Drivers/STM32F4xx_HAL_Driver/Src/stm32f4xx_hal_tim_ex.o
                0x08008800                HAL_TIMEx_CommutCallback
 .text.HAL_TIMEx_BreakCallback
                0x08008814       0x14 ./Drivers/STM32F4xx_HAL_Driver/Src/stm32f4xx_hal_tim_ex.o
                0x08008814                HAL_TIMEx_BreakCallback
 .text.HAL_UART_Init
                0x08008828       0xa0 ./Drivers/STM32F4xx_HAL_Driver/Src/stm32f4xx_hal_uart.o
                0x08008828                HAL_UART_Init
 .text.HAL_UART_Transmit
                0x080088c8      0x116 ./Drivers/STM32F4xx_HAL_Driver/Src/stm32f4xx_hal_uart.o
                0x080088c8                HAL_UART_Transmit
 .text.HAL_UART_Receive_IT
                0x080089de       0x4a ./Drivers/STM32F4xx_HAL_Driver/Src/stm32f4xx_hal_uart.o
                0x080089de                HAL_UART_Receive_IT
 .text.HAL_UART_Transmit_DMA
                0x08008a28       0xf8 ./Drivers/STM32F4xx_HAL_Driver/Src/stm32f4xx_hal_uart.o
                0x08008a28                HAL_UART_Transmit_DMA
 .text.HAL_UART_IRQHandler
                0x08008b20      0x554 ./Drivers/STM32F4xx_HAL_Driver/Src/stm32f4xx_hal_uart.o
                0x08008b20                HAL_UART_IRQHandler
 .text.HAL_UART_TxHalfCpltCallback
                0x08009074       0x14 ./Drivers/STM32F4xx_HAL_Driver/Src/stm32f4xx_hal_uart.o
                0x08009074                HAL_UART_TxHalfCpltCallback
 .text.HAL_UART_ErrorCallback
                0x08009088       0x14 ./Drivers/STM32F4xx_HAL_Driver/Src/stm32f4xx_hal_uart.o
                0x08009088                HAL_UART_ErrorCallback
 .text.HAL_UARTEx_RxEventCallback
                0x0800909c       0x18 ./Drivers/STM32F4xx_HAL_Driver/Src/stm32f4xx_hal_uart.o
                0x0800909c                HAL_UARTEx_RxEventCallback
 .text.UART_DMATransmitCplt
                0x080090b4       0x9a ./Drivers/STM32F4xx_HAL_Driver/Src/stm32f4xx_hal_uart.o
 .text.UART_DMATxHalfCplt
                0x0800914e       0x1c ./Drivers/STM32F4xx_HAL_Driver/Src/stm32f4xx_hal_uart.o
 .text.UART_DMAError
                0x0800916a       0x94 ./Drivers/STM32F4xx_HAL_Driver/Src/stm32f4xx_hal_uart.o
 .text.UART_WaitOnFlagUntilTimeout
                0x080091fe       0xb2 ./Drivers/STM32F4xx_HAL_Driver/Src/stm32f4xx_hal_uart.o
 .text.UART_Start_Receive_IT
                0x080092b0       0x74 ./Drivers/STM32F4xx_HAL_Driver/Src/stm32f4xx_hal_uart.o
                0x080092b0                UART_Start_Receive_IT
 .text.UART_EndTxTransfer
                0x08009324       0x50 ./Drivers/STM32F4xx_HAL_Driver/Src/stm32f4xx_hal_uart.o
 .text.UART_EndRxTransfer
                0x08009374       0xc6 ./Drivers/STM32F4xx_HAL_Driver/Src/stm32f4xx_hal_uart.o
 .text.UART_DMAAbortOnError
                0x0800943a       0x22 ./Drivers/STM32F4xx_HAL_Driver/Src/stm32f4xx_hal_uart.o
 .text.UART_Transmit_IT
                0x0800945c       0xa0 ./Drivers/STM32F4xx_HAL_Driver/Src/stm32f4xx_hal_uart.o
 .text.UART_EndTransmit_IT
                0x080094fc       0x30 ./Drivers/STM32F4xx_HAL_Driver/Src/stm32f4xx_hal_uart.o
 .text.UART_Receive_IT
                0x0800952c      0x17c ./Drivers/STM32F4xx_HAL_Driver/Src/stm32f4xx_hal_uart.o
 .text.UART_SetConfig
                0x080096a8      0x4e8 ./Drivers/STM32F4xx_HAL_Driver/Src/stm32f4xx_hal_uart.o
 .text.__cvt    0x08009b90       0xca /Applications/STM32CubeIDE.app/Contents/Eclipse/plugins/com.st.stm32cube.ide.mcu.externaltools.gnu-tools-for-stm32.13.3.rel1.macos64_1.0.100.202509120712/tools/bin/../lib/gcc/arm-none-eabi/13.3.1/../../../../arm-none-eabi/lib/thumb/v7e-m+fp/hard/libc_nano.a(libc_a-nano-vfprintf_float.o)
                0x08009b90                __cvt
 .text.__exponent
                0x08009c5a       0x74 /Applications/STM32CubeIDE.app/Contents/Eclipse/plugins/com.st.stm32cube.ide.mcu.externaltools.gnu-tools-for-stm32.13.3.rel1.macos64_1.0.100.202509120712/tools/bin/../lib/gcc/arm-none-eabi/13.3.1/../../../../arm-none-eabi/lib/thumb/v7e-m+fp/hard/libc_nano.a(libc_a-nano-vfprintf_float.o)
                0x08009c5a                __exponent
 *fill*         0x08009cce        0x2 
 .text._printf_float
                0x08009cd0      0x454 /Applications/STM32CubeIDE.app/Contents/Eclipse/plugins/com.st.stm32cube.ide.mcu.externaltools.gnu-tools-for-stm32.13.3.rel1.macos64_1.0.100.202509120712/tools/bin/../lib/gcc/arm-none-eabi/13.3.1/../../../../arm-none-eabi/lib/thumb/v7e-m+fp/hard/libc_nano.a(libc_a-nano-vfprintf_float.o)
                0x08009cd0                _printf_float
 .text._printf_common
                0x0800a124       0xda /Applications/STM32CubeIDE.app/Contents/Eclipse/plugins/com.st.stm32cube.ide.mcu.externaltools.gnu-tools-for-stm32.13.3.rel1.macos64_1.0.100.202509120712/tools/bin/../lib/gcc/arm-none-eabi/13.3.1/../../../../arm-none-eabi/lib/thumb/v7e-m+fp/hard/libc_nano.a(libc_a-nano-vfprintf_i.o)
                0x0800a124                _printf_common
 *fill*         0x0800a1fe        0x2 
 .text._printf_i
                0x0800a200      0x23c /Applications/STM32CubeIDE.app/Contents/Eclipse/plugins/com.st.stm32cube.ide.mcu.externaltools.gnu-tools-for-stm32.13.3.rel1.macos64_1.0.100.202509120712/tools/bin/../lib/gcc/arm-none-eabi/13.3.1/../../../../arm-none-eabi/lib/thumb/v7e-m+fp/hard/libc_nano.a(libc_a-nano-vfprintf_i.o)
                0x0800a200                _printf_i
 .text.snprintf
                0x0800a43c       0x6c /Applications/STM32CubeIDE.app/Contents/Eclipse/plugins/com.st.stm32cube.ide.mcu.externaltools.gnu-tools-for-stm32.13.3.rel1.macos64_1.0.100.202509120712/tools/bin/../lib/gcc/arm-none-eabi/13.3.1/../../../../arm-none-eabi/lib/thumb/v7e-m+fp/hard/libc_nano.a(libc_a-snprintf.o)
                0x0800a43c                snprintf
                0x0800a43c                sniprintf
 .text.std      0x0800a4a8       0x6c /Applications/STM32CubeIDE.app/Contents/Eclipse/plugins/com.st.stm32cube.ide.mcu.externaltools.gnu-tools-for-stm32.13.3.rel1.macos64_1.0.100.202509120712/tools/bin/../lib/gcc/arm-none-eabi/13.3.1/../../../../arm-none-eabi/lib/thumb/v7e-m+fp/hard/libc_nano.a(libc_a-findfp.o)
 .text.stdio_exit_handler
                0x0800a514       0x18 /Applications/STM32CubeIDE.app/Contents/Eclipse/plugins/com.st.stm32cube.ide.mcu.externaltools.gnu-tools-for-stm32.13.3.rel1.macos64_1.0.100.202509120712/tools/bin/../lib/gcc/arm-none-eabi/13.3.1/../../../../arm-none-eabi/lib/thumb/v7e-m+fp/hard/libc_nano.a(libc_a-findfp.o)
 .text.cleanup_stdio
                0x0800a52c       0x40 /Applications/STM32CubeIDE.app/Contents/Eclipse/plugins/com.st.stm32cube.ide.mcu.externaltools.gnu-tools-for-stm32.13.3.rel1.macos64_1.0.100.202509120712/tools/bin/../lib/gcc/arm-none-eabi/13.3.1/../../../../arm-none-eabi/lib/thumb/v7e-m+fp/hard/libc_nano.a(libc_a-findfp.o)
 .text.global_stdio_init.part.0
                0x0800a56c       0x3c /Applications/STM32CubeIDE.app/Contents/Eclipse/plugins/com.st.stm32cube.ide.mcu.externaltools.gnu-tools-for-stm32.13.3.rel1.macos64_1.0.100.202509120712/tools/bin/../lib/gcc/arm-none-eabi/13.3.1/../../../../arm-none-eabi/lib/thumb/v7e-m+fp/hard/libc_nano.a(libc_a-findfp.o)
 .text.__sfp_lock_acquire
                0x0800a5a8        0xc /Applications/STM32CubeIDE.app/Contents/Eclipse/plugins/com.st.stm32cube.ide.mcu.externaltools.gnu-tools-for-stm32.13.3.rel1.macos64_1.0.100.202509120712/tools/bin/../lib/gcc/arm-none-eabi/13.3.1/../../../../arm-none-eabi/lib/thumb/v7e-m+fp/hard/libc_nano.a(libc_a-findfp.o)
                0x0800a5a8                __sfp_lock_acquire
 .text.__sfp_lock_release
                0x0800a5b4        0xc /Applications/STM32CubeIDE.app/Contents/Eclipse/plugins/com.st.stm32cube.ide.mcu.externaltools.gnu-tools-for-stm32.13.3.rel1.macos64_1.0.100.202509120712/tools/bin/../lib/gcc/arm-none-eabi/13.3.1/../../../../arm-none-eabi/lib/thumb/v7e-m+fp/hard/libc_nano.a(libc_a-findfp.o)
                0x0800a5b4                __sfp_lock_release
 .text.__sinit  0x0800a5c0       0x30 /Applications/STM32CubeIDE.app/Contents/Eclipse/plugins/com.st.stm32cube.ide.mcu.externaltools.gnu-tools-for-stm32.13.3.rel1.macos64_1.0.100.202509120712/tools/bin/../lib/gcc/arm-none-eabi/13.3.1/../../../../arm-none-eabi/lib/thumb/v7e-m+fp/hard/libc_nano.a(libc_a-findfp.o)
                0x0800a5c0                __sinit
 .text._fwalk_sglue
                0x0800a5f0       0x3c /Applications/STM32CubeIDE.app/Contents/Eclipse/plugins/com.st.stm32cube.ide.mcu.externaltools.gnu-tools-for-stm32.13.3.rel1.macos64_1.0.100.202509120712/tools/bin/../lib/gcc/arm-none-eabi/13.3.1/../../../../arm-none-eabi/lib/thumb/v7e-m+fp/hard/libc_nano.a(libc_a-fwalk.o)
                0x0800a5f0                _fwalk_sglue
 .text.memset   0x0800a62c       0x10 /Applications/STM32CubeIDE.app/Contents/Eclipse/plugins/com.st.stm32cube.ide.mcu.externaltools.gnu-tools-for-stm32.13.3.rel1.macos64_1.0.100.202509120712/tools/bin/../lib/gcc/arm-none-eabi/13.3.1/../../../../arm-none-eabi/lib/thumb/v7e-m+fp/hard/libc_nano.a(libc_a-memset.o)
                0x0800a62c                memset
 .text.__errno  0x0800a63c        0xc /Applications/STM32CubeIDE.app/Contents/Eclipse/plugins/com.st.stm32cube.ide.mcu.externaltools.gnu-tools-for-stm32.13.3.rel1.macos64_1.0.100.202509120712/tools/bin/../lib/gcc/arm-none-eabi/13.3.1/../../../../arm-none-eabi/lib/thumb/v7e-m+fp/hard/libc_nano.a(libc_a-errno.o)
                0x0800a63c                __errno
 .text.__libc_init_array
                0x0800a648       0x48 /Applications/STM32CubeIDE.app/Contents/Eclipse/plugins/com.st.stm32cube.ide.mcu.externaltools.gnu-tools-for-stm32.13.3.rel1.macos64_1.0.100.202509120712/tools/bin/../lib/gcc/arm-none-eabi/13.3.1/../../../../arm-none-eabi/lib/thumb/v7e-m+fp/hard/libc_nano.a(libc_a-init.o)
                0x0800a648                __libc_init_array
 .text.__retarget_lock_init_recursive
                0x0800a690        0x2 /Applications/STM32CubeIDE.app/Contents/Eclipse/plugins/com.st.stm32cube.ide.mcu.externaltools.gnu-tools-for-stm32.13.3.rel1.macos64_1.0.100.202509120712/tools/bin/../lib/gcc/arm-none-eabi/13.3.1/../../../../arm-none-eabi/lib/thumb/v7e-m+fp/hard/libc_nano.a(libc_a-lock.o)
                0x0800a690                __retarget_lock_init_recursive
 .text.__retarget_lock_acquire_recursive
                0x0800a692        0x2 /Applications/STM32CubeIDE.app/Contents/Eclipse/plugins/com.st.stm32cube.ide.mcu.externaltools.gnu-tools-for-stm32.13.3.rel1.macos64_1.0.100.202509120712/tools/bin/../lib/gcc/arm-none-eabi/13.3.1/../../../../arm-none-eabi/lib/thumb/v7e-m+fp/hard/libc_nano.a(libc_a-lock.o)
                0x0800a692                __retarget_lock_acquire_recursive
 .text.__retarget_lock_release_recursive
                0x0800a694        0x2 /Applications/STM32CubeIDE.app/Contents/Eclipse/plugins/com.st.stm32cube.ide.mcu.externaltools.gnu-tools-for-stm32.13.3.rel1.macos64_1.0.100.202509120712/tools/bin/../lib/gcc/arm-none-eabi/13.3.1/../../../../arm-none-eabi/lib/thumb/v7e-m+fp/hard/libc_nano.a(libc_a-lock.o)
                0x0800a694                __retarget_lock_release_recursive
 *fill*         0x0800a696        0x2 
 .text._localeconv_r
                0x0800a698        0x8 /Applications/STM32CubeIDE.app/Contents/Eclipse/plugins/com.st.stm32cube.ide.mcu.externaltools.gnu-tools-for-stm32.13.3.rel1.macos64_1.0.100.202509120712/tools/bin/../lib/gcc/arm-none-eabi/13.3.1/../../../../arm-none-eabi/lib/thumb/v7e-m+fp/hard/libc_nano.a(libc_a-localeconv.o)
                0x0800a698                _localeconv_r
 .text.quorem   0x0800a6a0      0x110 /Applications/STM32CubeIDE.app/Contents/Eclipse/plugins/com.st.stm32cube.ide.mcu.externaltools.gnu-tools-for-stm32.13.3.rel1.macos64_1.0.100.202509120712/tools/bin/../lib/gcc/arm-none-eabi/13.3.1/../../../../arm-none-eabi/lib/thumb/v7e-m+fp/hard/libc_nano.a(libc_a-dtoa.o)
 .text._dtoa_r  0x0800a7b0      0xba0 /Applications/STM32CubeIDE.app/Contents/Eclipse/plugins/com.st.stm32cube.ide.mcu.externaltools.gnu-tools-for-stm32.13.3.rel1.macos64_1.0.100.202509120712/tools/bin/../lib/gcc/arm-none-eabi/13.3.1/../../../../arm-none-eabi/lib/thumb/v7e-m+fp/hard/libc_nano.a(libc_a-dtoa.o)
                0x0800a7b0                _dtoa_r
 .text.__ssputs_r
                0x0800b350       0xb6 /Applications/STM32CubeIDE.app/Contents/Eclipse/plugins/com.st.stm32cube.ide.mcu.externaltools.gnu-tools-for-stm32.13.3.rel1.macos64_1.0.100.202509120712/tools/bin/../lib/gcc/arm-none-eabi/13.3.1/../../../../arm-none-eabi/lib/thumb/v7e-m+fp/hard/libc_nano.a(libc_a-nano-svfprintf.o)
                0x0800b350                __ssputs_r
 *fill*         0x0800b406        0x2 
 .text._svfprintf_r
                0x0800b408      0x1f8 /Applications/STM32CubeIDE.app/Contents/Eclipse/plugins/com.st.stm32cube.ide.mcu.externaltools.gnu-tools-for-stm32.13.3.rel1.macos64_1.0.100.202509120712/tools/bin/../lib/gcc/arm-none-eabi/13.3.1/../../../../arm-none-eabi/lib/thumb/v7e-m+fp/hard/libc_nano.a(libc_a-nano-svfprintf.o)
                0x0800b408                _svfprintf_r
                0x0800b408                _svfiprintf_r
 .text.__sfputc_r
                0x0800b600       0x2e /Applications/STM32CubeIDE.app/Contents/Eclipse/plugins/com.st.stm32cube.ide.mcu.externaltools.gnu-tools-for-stm32.13.3.rel1.macos64_1.0.100.202509120712/tools/bin/../lib/gcc/arm-none-eabi/13.3.1/../../../../arm-none-eabi/lib/thumb/v7e-m+fp/hard/libc_nano.a(libc_a-nano-vfprintf.o)
 .text.__sfputs_r
                0x0800b62e       0x24 /Applications/STM32CubeIDE.app/Contents/Eclipse/plugins/com.st.stm32cube.ide.mcu.externaltools.gnu-tools-for-stm32.13.3.rel1.macos64_1.0.100.202509120712/tools/bin/../lib/gcc/arm-none-eabi/13.3.1/../../../../arm-none-eabi/lib/thumb/v7e-m+fp/hard/libc_nano.a(libc_a-nano-vfprintf.o)
                0x0800b62e                __sfputs_r
 *fill*         0x0800b652        0x2 
 .text._vfprintf_r
                0x0800b654      0x230 /Applications/STM32CubeIDE.app/Contents/Eclipse/plugins/com.st.stm32cube.ide.mcu.externaltools.gnu-tools-for-stm32.13.3.rel1.macos64_1.0.100.202509120712/tools/bin/../lib/gcc/arm-none-eabi/13.3.1/../../../../arm-none-eabi/lib/thumb/v7e-m+fp/hard/libc_nano.a(libc_a-nano-vfprintf.o)
                0x0800b654                _vfiprintf_r
                0x0800b654                _vfprintf_r
 .text.malloc   0x0800b884       0x10 /Applications/STM32CubeIDE.app/Contents/Eclipse/plugins/com.st.stm32cube.ide.mcu.externaltools.gnu-tools-for-stm32.13.3.rel1.macos64_1.0.100.202509120712/tools/bin/../lib/gcc/arm-none-eabi/13.3.1/../../../../arm-none-eabi/lib/thumb/v7e-m+fp/hard/libc_nano.a(libc_a-malloc.o)
                0x0800b884                malloc
 .text.sbrk_aligned
                0x0800b894       0x44 /Applications/STM32CubeIDE.app/Contents/Eclipse/plugins/com.st.stm32cube.ide.mcu.externaltools.gnu-tools-for-stm32.13.3.rel1.macos64_1.0.100.202509120712/tools/bin/../lib/gcc/arm-none-eabi/13.3.1/../../../../arm-none-eabi/lib/thumb/v7e-m+fp/hard/libc_nano.a(libc_a-mallocr.o)
 .text._malloc_r
                0x0800b8d8      0x100 /Applications/STM32CubeIDE.app/Contents/Eclipse/plugins/com.st.stm32cube.ide.mcu.externaltools.gnu-tools-for-stm32.13.3.rel1.macos64_1.0.100.202509120712/tools/bin/../lib/gcc/arm-none-eabi/13.3.1/../../../../arm-none-eabi/lib/thumb/v7e-m+fp/hard/libc_nano.a(libc_a-mallocr.o)
                0x0800b8d8                _malloc_r
 .text.__sflush_r
                0x0800b9d8      0x108 /Applications/STM32CubeIDE.app/Contents/Eclipse/plugins/com.st.stm32cube.ide.mcu.externaltools.gnu-tools-for-stm32.13.3.rel1.macos64_1.0.100.202509120712/tools/bin/../lib/gcc/arm-none-eabi/13.3.1/../../../../arm-none-eabi/lib/thumb/v7e-m+fp/hard/libc_nano.a(libc_a-fflush.o)
                0x0800b9d8                __sflush_r
 .text._fflush_r
                0x0800bae0       0x50 /Applications/STM32CubeIDE.app/Contents/Eclipse/plugins/com.st.stm32cube.ide.mcu.externaltools.gnu-tools-for-stm32.13.3.rel1.macos64_1.0.100.202509120712/tools/bin/../lib/gcc/arm-none-eabi/13.3.1/../../../../arm-none-eabi/lib/thumb/v7e-m+fp/hard/libc_nano.a(libc_a-fflush.o)
                0x0800bae0                _fflush_r
 .text.__malloc_lock
                0x0800bb30        0xc /Applications/STM32CubeIDE.app/Contents/Eclipse/plugins/com.st.stm32cube.ide.mcu.externaltools.gnu-tools-for-stm32.13.3.rel1.macos64_1.0.100.202509120712/tools/bin/../lib/gcc/arm-none-eabi/13.3.1/../../../../arm-none-eabi/lib/thumb/v7e-m+fp/hard/libc_nano.a(libc_a-mlock.o)
                0x0800bb30                __malloc_lock
 .text.__malloc_unlock
                0x0800bb3c        0xc /Applications/STM32CubeIDE.app/Contents/Eclipse/plugins/com.st.stm32cube.ide.mcu.externaltools.gnu-tools-for-stm32.13.3.rel1.macos64_1.0.100.202509120712/tools/bin/../lib/gcc/arm-none-eabi/13.3.1/../../../../arm-none-eabi/lib/thumb/v7e-m+fp/hard/libc_nano.a(libc_a-mlock.o)
                0x0800bb3c                __malloc_unlock
 .text._Balloc  0x0800bb48       0x80 /Applications/STM32CubeIDE.app/Contents/Eclipse/plugins/com.st.stm32cube.ide.mcu.externaltools.gnu-tools-for-stm32.13.3.rel1.macos64_1.0.100.202509120712/tools/bin/../lib/gcc/arm-none-eabi/13.3.1/../../../../arm-none-eabi/lib/thumb/v7e-m+fp/hard/libc_nano.a(libc_a-mprec.o)
                0x0800bb48                _Balloc
 .text._Bfree   0x0800bbc8       0x44 /Applications/STM32CubeIDE.app/Contents/Eclipse/plugins/com.st.stm32cube.ide.mcu.externaltools.gnu-tools-for-stm32.13.3.rel1.macos64_1.0.100.202509120712/tools/bin/../lib/gcc/arm-none-eabi/13.3.1/../../../../arm-none-eabi/lib/thumb/v7e-m+fp/hard/libc_nano.a(libc_a-mprec.o)
                0x0800bbc8                _Bfree
 .text.__multadd
                0x0800bc0c       0x8c /Applications/STM32CubeIDE.app/Contents/Eclipse/plugins/com.st.stm32cube.ide.mcu.externaltools.gnu-tools-for-stm32.13.3.rel1.macos64_1.0.100.202509120712/tools/bin/../lib/gcc/arm-none-eabi/13.3.1/../../../../arm-none-eabi/lib/thumb/v7e-m+fp/hard/libc_nano.a(libc_a-mprec.o)
                0x0800bc0c                __multadd
 .text.__hi0bits
                0x0800bc98       0x3e /Applications/STM32CubeIDE.app/Contents/Eclipse/plugins/com.st.stm32cube.ide.mcu.externaltools.gnu-tools-for-stm32.13.3.rel1.macos64_1.0.100.202509120712/tools/bin/../lib/gcc/arm-none-eabi/13.3.1/../../../../arm-none-eabi/lib/thumb/v7e-m+fp/hard/libc_nano.a(libc_a-mprec.o)
                0x0800bc98                __hi0bits
 .text.__lo0bits
                0x0800bcd6       0x5a /Applications/STM32CubeIDE.app/Contents/Eclipse/plugins/com.st.stm32cube.ide.mcu.externaltools.gnu-tools-for-stm32.13.3.rel1.macos64_1.0.100.202509120712/tools/bin/../lib/gcc/arm-none-eabi/13.3.1/../../../../arm-none-eabi/lib/thumb/v7e-m+fp/hard/libc_nano.a(libc_a-mprec.o)
                0x0800bcd6                __lo0bits
 .text.__i2b    0x0800bd30       0x2c /Applications/STM32CubeIDE.app/Contents/Eclipse/plugins/com.st.stm32cube.ide.mcu.externaltools.gnu-tools-for-stm32.13.3.rel1.macos64_1.0.100.202509120712/tools/bin/../lib/gcc/arm-none-eabi/13.3.1/../../../../arm-none-eabi/lib/thumb/v7e-m+fp/hard/libc_nano.a(libc_a-mprec.o)
                0x0800bd30                __i2b
 .text.__multiply
                0x0800bd5c      0x144 /Applications/STM32CubeIDE.app/Contents/Eclipse/plugins/com.st.stm32cube.ide.mcu.externaltools.gnu-tools-for-stm32.13.3.rel1.macos64_1.0.100.202509120712/tools/bin/../lib/gcc/arm-none-eabi/13.3.1/../../../../arm-none-eabi/lib/thumb/v7e-m+fp/hard/libc_nano.a(libc_a-mprec.o)
                0x0800bd5c                __multiply
 .text.__pow5mult
                0x0800bea0       0xb4 /Applications/STM32CubeIDE.app/Contents/Eclipse/plugins/com.st.stm32cube.ide.mcu.externaltools.gnu-tools-for-stm32.13.3.rel1.macos64_1.0.100.202509120712/tools/bin/../lib/gcc/arm-none-eabi/13.3.1/../../../../arm-none-eabi/lib/thumb/v7e-m+fp/hard/libc_nano.a(libc_a-mprec.o)
                0x0800bea0                __pow5mult
 .text.__lshift
                0x0800bf54       0xd8 /Applications/STM32CubeIDE.app/Contents/Eclipse/plugins/com.st.stm32cube.ide.mcu.externaltools.gnu-tools-for-stm32.13.3.rel1.macos64_1.0.100.202509120712/tools/bin/../lib/gcc/arm-none-eabi/13.3.1/../../../../arm-none-eabi/lib/thumb/v7e-m+fp/hard/libc_nano.a(libc_a-mprec.o)
                0x0800bf54                __lshift
 .text.__mcmp   0x0800c02c       0x36 /Applications/STM32CubeIDE.app/Contents/Eclipse/plugins/com.st.stm32cube.ide.mcu.externaltools.gnu-tools-for-stm32.13.3.rel1.macos64_1.0.100.202509120712/tools/bin/../lib/gcc/arm-none-eabi/13.3.1/../../../../arm-none-eabi/lib/thumb/v7e-m+fp/hard/libc_nano.a(libc_a-mprec.o)
                0x0800c02c                __mcmp
 *fill*         0x0800c062        0x2 
 .text.__mdiff  0x0800c064      0x128 /Applications/STM32CubeIDE.app/Contents/Eclipse/plugins/com.st.stm32cube.ide.mcu.externaltools.gnu-tools-for-stm32.13.3.rel1.macos64_1.0.100.202509120712/tools/bin/../lib/gcc/arm-none-eabi/13.3.1/../../../../arm-none-eabi/lib/thumb/v7e-m+fp/hard/libc_nano.a(libc_a-mprec.o)
                0x0800c064                __mdiff
 .text.__d2b    0x0800c18c       0xb0 /Applications/STM32CubeIDE.app/Contents/Eclipse/plugins/com.st.stm32cube.ide.mcu.externaltools.gnu-tools-for-stm32.13.3.rel1.macos64_1.0.100.202509120712/tools/bin/../lib/gcc/arm-none-eabi/13.3.1/../../../../arm-none-eabi/lib/thumb/v7e-m+fp/hard/libc_nano.a(libc_a-mprec.o)
                0x0800c18c                __d2b
 .text.__sread  0x0800c23c       0x22 /Applications/STM32CubeIDE.app/Contents/Eclipse/plugins/com.st.stm32cube.ide.mcu.externaltools.gnu-tools-for-stm32.13.3.rel1.macos64_1.0.100.202509120712/tools/bin/../lib/gcc/arm-none-eabi/13.3.1/../../../../arm-none-eabi/lib/thumb/v7e-m+fp/hard/libc_nano.a(libc_a-stdio.o)
                0x0800c23c                __sread
 .text.__swrite
                0x0800c25e       0x38 /Applications/STM32CubeIDE.app/Contents/Eclipse/plugins/com.st.stm32cube.ide.mcu.externaltools.gnu-tools-for-stm32.13.3.rel1.macos64_1.0.100.202509120712/tools/bin/../lib/gcc/arm-none-eabi/13.3.1/../../../../arm-none-eabi/lib/thumb/v7e-m+fp/hard/libc_nano.a(libc_a-stdio.o)
                0x0800c25e                __swrite
 .text.__sseek  0x0800c296       0x24 /Applications/STM32CubeIDE.app/Contents/Eclipse/plugins/com.st.stm32cube.ide.mcu.externaltools.gnu-tools-for-stm32.13.3.rel1.macos64_1.0.100.202509120712/tools/bin/../lib/gcc/arm-none-eabi/13.3.1/../../../../arm-none-eabi/lib/thumb/v7e-m+fp/hard/libc_nano.a(libc_a-stdio.o)
                0x0800c296                __sseek
 .text.__sclose
                0x0800c2ba        0x8 /Applications/STM32CubeIDE.app/Contents/Eclipse/plugins/com.st.stm32cube.ide.mcu.externaltools.gnu-tools-for-stm32.13.3.rel1.macos64_1.0.100.202509120712/tools/bin/../lib/gcc/arm-none-eabi/13.3.1/../../../../arm-none-eabi/lib/thumb/v7e-m+fp/hard/libc_nano.a(libc_a-stdio.o)
                0x0800c2ba                __sclose
 .text._realloc_r
                0x0800c2c2       0x5c /Applications/STM32CubeIDE.app/Contents/Eclipse/plugins/com.st.stm32cube.ide.mcu.externaltools.gnu-tools-for-stm32.13.3.rel1.macos64_1.0.100.202509120712/tools/bin/../lib/gcc/arm-none-eabi/13.3.1/../../../../arm-none-eabi/lib/thumb/v7e-m+fp/hard/libc_nano.a(libc_a-reallocr.o)
                0x0800c2c2                _realloc_r
 .text.__swbuf_r
                0x0800c31e       0x7c /Applications/STM32CubeIDE.app/Contents/Eclipse/plugins/com.st.stm32cube.ide.mcu.externaltools.gnu-tools-for-stm32.13.3.rel1.macos64_1.0.100.202509120712/tools/bin/../lib/gcc/arm-none-eabi/13.3.1/../../../../arm-none-eabi/lib/thumb/v7e-m+fp/hard/libc_nano.a(libc_a-wbuf.o)
                0x0800c31e                __swbuf_r
 *fill*         0x0800c39a        0x2 
 .text.__swsetup_r
                0x0800c39c       0xac /Applications/STM32CubeIDE.app/Contents/Eclipse/plugins/com.st.stm32cube.ide.mcu.externaltools.gnu-tools-for-stm32.13.3.rel1.macos64_1.0.100.202509120712/tools/bin/../lib/gcc/arm-none-eabi/13.3.1/../../../../arm-none-eabi/lib/thumb/v7e-m+fp/hard/libc_nano.a(libc_a-wsetup.o)
                0x0800c39c                __swsetup_r
 .text.__swhatbuf_r
                0x0800c448       0x4c /Applications/STM32CubeIDE.app/Contents/Eclipse/plugins/com.st.stm32cube.ide.mcu.externaltools.gnu-tools-for-stm32.13.3.rel1.macos64_1.0.100.202509120712/tools/bin/../lib/gcc/arm-none-eabi/13.3.1/../../../../arm-none-eabi/lib/thumb/v7e-m+fp/hard/libc_nano.a(libc_a-makebuf.o)
                0x0800c448                __swhatbuf_r
 .text.__smakebuf_r
                0x0800c494       0x78 /Applications/STM32CubeIDE.app/Contents/Eclipse/plugins/com.st.stm32cube.ide.mcu.externaltools.gnu-tools-for-stm32.13.3.rel1.macos64_1.0.100.202509120712/tools/bin/../lib/gcc/arm-none-eabi/13.3.1/../../../../arm-none-eabi/lib/thumb/v7e-m+fp/hard/libc_nano.a(libc_a-makebuf.o)
                0x0800c494                __smakebuf_r
 .text.memmove  0x0800c50c       0x34 /Applications/STM32CubeIDE.app/Contents/Eclipse/plugins/com.st.stm32cube.ide.mcu.externaltools.gnu-tools-for-stm32.13.3.rel1.macos64_1.0.100.202509120712/tools/bin/../lib/gcc/arm-none-eabi/13.3.1/../../../../arm-none-eabi/lib/thumb/v7e-m+fp/hard/libc_nano.a(libc_a-memmove.o)
                0x0800c50c                memmove
 .text._isatty_r
                0x0800c540       0x20 /Applications/STM32CubeIDE.app/Contents/Eclipse/plugins/com.st.stm32cube.ide.mcu.externaltools.gnu-tools-for-stm32.13.3.rel1.macos64_1.0.100.202509120712/tools/bin/../lib/gcc/arm-none-eabi/13.3.1/../../../../arm-none-eabi/lib/thumb/v7e-m+fp/hard/libc_nano.a(libc_a-isattyr.o)
                0x0800c540                _isatty_r
 .text._lseek_r
                0x0800c560       0x24 /Applications/STM32CubeIDE.app/Contents/Eclipse/plugins/com.st.stm32cube.ide.mcu.externaltools.gnu-tools-for-stm32.13.3.rel1.macos64_1.0.100.202509120712/tools/bin/../lib/gcc/arm-none-eabi/13.3.1/../../../../arm-none-eabi/lib/thumb/v7e-m+fp/hard/libc_nano.a(libc_a-lseekr.o)
                0x0800c560                _lseek_r
 .text._read_r  0x0800c584       0x24 /Applications/STM32CubeIDE.app/Contents/Eclipse/plugins/com.st.stm32cube.ide.mcu.externaltools.gnu-tools-for-stm32.13.3.rel1.macos64_1.0.100.202509120712/tools/bin/../lib/gcc/arm-none-eabi/13.3.1/../../../../arm-none-eabi/lib/thumb/v7e-m+fp/hard/libc_nano.a(libc_a-readr.o)
                0x0800c584                _read_r
 .text._sbrk_r  0x0800c5a8       0x20 /Applications/STM32CubeIDE.app/Contents/Eclipse/plugins/com.st.stm32cube.ide.mcu.externaltools.gnu-tools-for-stm32.13.3.rel1.macos64_1.0.100.202509120712/tools/bin/../lib/gcc/arm-none-eabi/13.3.1/../../../../arm-none-eabi/lib/thumb/v7e-m+fp/hard/libc_nano.a(libc_a-sbrkr.o)
                0x0800c5a8                _sbrk_r
 .text._write_r
                0x0800c5c8       0x24 /Applications/STM32CubeIDE.app/Contents/Eclipse/plugins/com.st.stm32cube.ide.mcu.externaltools.gnu-tools-for-stm32.13.3.rel1.macos64_1.0.100.202509120712/tools/bin/../lib/gcc/arm-none-eabi/13.3.1/../../../../arm-none-eabi/lib/thumb/v7e-m+fp/hard/libc_nano.a(libc_a-writer.o)
                0x0800c5c8                _write_r
 .text._close_r
                0x0800c5ec       0x20 /Applications/STM32CubeIDE.app/Contents/Eclipse/plugins/com.st.stm32cube.ide.mcu.externaltools.gnu-tools-for-stm32.13.3.rel1.macos64_1.0.100.202509120712/tools/bin/../lib/gcc/arm-none-eabi/13.3.1/../../../../arm-none-eabi/lib/thumb/v7e-m+fp/hard/libc_nano.a(libc_a-closer.o)
                0x0800c5ec                _close_r
 .text._fstat_r
                0x0800c60c       0x24 /Applications/STM32CubeIDE.app/Contents/Eclipse/plugins/com.st.stm32cube.ide.mcu.externaltools.gnu-tools-for-stm32.13.3.rel1.macos64_1.0.100.202509120712/tools/bin/../lib/gcc/arm-none-eabi/13.3.1/../../../../arm-none-eabi/lib/thumb/v7e-m+fp/hard/libc_nano.a(libc_a-fstatr.o)
                0x0800c60c                _fstat_r
 .text.memcpy   0x0800c630       0x1c /Applications/STM32CubeIDE.app/Contents/Eclipse/plugins/com.st.stm32cube.ide.mcu.externaltools.gnu-tools-for-stm32.13.3.rel1.macos64_1.0.100.202509120712/tools/bin/../lib/gcc/arm-none-eabi/13.3.1/../../../../arm-none-eabi/lib/thumb/v7e-m+fp/hard/libc_nano.a(libc_a-memcpy-stub.o)
                0x0800c630                memcpy
 .text.__assert_func
                0x0800c64c       0x3c /Applications/STM32CubeIDE.app/Contents/Eclipse/plugins/com.st.stm32cube.ide.mcu.externaltools.gnu-tools-for-stm32.13.3.rel1.macos64_1.0.100.202509120712/tools/bin/../lib/gcc/arm-none-eabi/13.3.1/../../../../arm-none-eabi/lib/thumb/v7e-m+fp/hard/libc_nano.a(libc_a-assert.o)
                0x0800c64c                __assert_func
 .text._calloc_r
                0x0800c688       0x28 /Applications/STM32CubeIDE.app/Contents/Eclipse/plugins/com.st.stm32cube.ide.mcu.externaltools.gnu-tools-for-stm32.13.3.rel1.macos64_1.0.100.202509120712/tools/bin/../lib/gcc/arm-none-eabi/13.3.1/../../../../arm-none-eabi/lib/thumb/v7e-m+fp/hard/libc_nano.a(libc_a-callocr.o)
                0x0800c688                _calloc_r
 .text._free_r  0x0800c6b0       0x94 /Applications/STM32CubeIDE.app/Contents/Eclipse/plugins/com.st.stm32cube.ide.mcu.externaltools.gnu-tools-for-stm32.13.3.rel1.macos64_1.0.100.202509120712/tools/bin/../lib/gcc/arm-none-eabi/13.3.1/../../../../arm-none-eabi/lib/thumb/v7e-m+fp/hard/libc_nano.a(libc_a-freer.o)
                0x0800c6b0                _free_r
 .text.__ascii_mbtowc
                0x0800c744       0x24 /Applications/STM32CubeIDE.app/Contents/Eclipse/plugins/com.st.stm32cube.ide.mcu.externaltools.gnu-tools-for-stm32.13.3.rel1.macos64_1.0.100.202509120712/tools/bin/../lib/gcc/arm-none-eabi/13.3.1/../../../../arm-none-eabi/lib/thumb/v7e-m+fp/hard/libc_nano.a(libc_a-mbtowc_r.o)
                0x0800c744                __ascii_mbtowc
 .text._malloc_usable_size_r
                0x0800c768       0x10 /Applications/STM32CubeIDE.app/Contents/Eclipse/plugins/com.st.stm32cube.ide.mcu.externaltools.gnu-tools-for-stm32.13.3.rel1.macos64_1.0.100.202509120712/tools/bin/../lib/gcc/arm-none-eabi/13.3.1/../../../../arm-none-eabi/lib/thumb/v7e-m+fp/hard/libc_nano.a(libc_a-msizer.o)
                0x0800c768                _malloc_usable_size_r
 .text.fprintf  0x0800c778       0x24 /Applications/STM32CubeIDE.app/Contents/Eclipse/plugins/com.st.stm32cube.ide.mcu.externaltools.gnu-tools-for-stm32.13.3.rel1.macos64_1.0.100.202509120712/tools/bin/../lib/gcc/arm-none-eabi/13.3.1/../../../../arm-none-eabi/lib/thumb/v7e-m+fp/hard/libc_nano.a(libc_a-fprintf.o)
                0x0800c778                fprintf
                0x0800c778                fiprintf
 .text.__ascii_wctomb
                0x0800c79c       0x1a /Applications/STM32CubeIDE.app/Contents/Eclipse/plugins/com.st.stm32cube.ide.mcu.externaltools.gnu-tools-for-stm32.13.3.rel1.macos64_1.0.100.202509120712/tools/bin/../lib/gcc/arm-none-eabi/13.3.1/../../../../arm-none-eabi/lib/thumb/v7e-m+fp/hard/libc_nano.a(libc_a-wctomb_r.o)
                0x0800c79c                __ascii_wctomb
 .text.abort    0x0800c7b6        0xe /Applications/STM32CubeIDE.app/Contents/Eclipse/plugins/com.st.stm32cube.ide.mcu.externaltools.gnu-tools-for-stm32.13.3.rel1.macos64_1.0.100.202509120712/tools/bin/../lib/gcc/arm-none-eabi/13.3.1/../../../../arm-none-eabi/lib/thumb/v7e-m+fp/hard/libc_nano.a(libc_a-abort.o)
                0x0800c7b6                abort
 .text._raise_r
                0x0800c7c4       0x50 /Applications/STM32CubeIDE.app/Contents/Eclipse/plugins/com.st.stm32cube.ide.mcu.externaltools.gnu-tools-for-stm32.13.3.rel1.macos64_1.0.100.202509120712/tools/bin/../lib/gcc/arm-none-eabi/13.3.1/../../../../arm-none-eabi/lib/thumb/v7e-m+fp/hard/libc_nano.a(libc_a-signal.o)
                0x0800c7c4                _raise_r
 .text.raise    0x0800c814       0x10 /Applications/STM32CubeIDE.app/Contents/Eclipse/plugins/com.st.stm32cube.ide.mcu.externaltools.gnu-tools-for-stm32.13.3.rel1.macos64_1.0.100.202509120712/tools/bin/../lib/gcc/arm-none-eabi/13.3.1/../../../../arm-none-eabi/lib/thumb/v7e-m+fp/hard/libc_nano.a(libc_a-signal.o)
                0x0800c814                raise
 .text._kill_r  0x0800c824       0x24 /Applications/STM32CubeIDE.app/Contents/Eclipse/plugins/com.st.stm32cube.ide.mcu.externaltools.gnu-tools-for-stm32.13.3.rel1.macos64_1.0.100.202509120712/tools/bin/../lib/gcc/arm-none-eabi/13.3.1/../../../../arm-none-eabi/lib/thumb/v7e-m+fp/hard/libc_nano.a(libc_a-signalr.o)
                0x0800c824                _kill_r
 .text._getpid_r
                0x0800c848        0x4 /Applications/STM32CubeIDE.app/Contents/Eclipse/plugins/com.st.stm32cube.ide.mcu.externaltools.gnu-tools-for-stm32.13.3.rel1.macos64_1.0.100.202509120712/tools/bin/../lib/gcc/arm-none-eabi/13.3.1/../../../../arm-none-eabi/lib/thumb/v7e-m+fp/hard/libc_nano.a(libc_a-signalr.o)
                0x0800c848                _getpid_r
 *(.glue_7)
 .glue_7        0x0800c84c        0x0 linker stubs
 *(.glue_7t)
 .glue_7t       0x0800c84c        0x0 linker stubs
 *(.eh_frame)
 .eh_frame      0x0800c84c        0x0 /Applications/STM32CubeIDE.app/Contents/Eclipse/plugins/com.st.stm32cube.ide.mcu.externaltools.gnu-tools-for-stm32.13.3.rel1.macos64_1.0.100.202509120712/tools/bin/../lib/gcc/arm-none-eabi/13.3.1/thumb/v7e-m+fp/hard/crtbegin.o
 *(.init)
 .init          0x0800c84c        0x4 /Applications/STM32CubeIDE.app/Contents/Eclipse/plugins/com.st.stm32cube.ide.mcu.externaltools.gnu-tools-for-stm32.13.3.rel1.macos64_1.0.100.202509120712/tools/bin/../lib/gcc/arm-none-eabi/13.3.1/thumb/v7e-m+fp/hard/crti.o
                0x0800c84c                _init
 .init          0x0800c850        0x8 /Applications/STM32CubeIDE.app/Contents/Eclipse/plugins/com.st.stm32cube.ide.mcu.externaltools.gnu-tools-for-stm32.13.3.rel1.macos64_1.0.100.202509120712/tools/bin/../lib/gcc/arm-none-eabi/13.3.1/thumb/v7e-m+fp/hard/crtn.o
 *(.fini)
 .fini          0x0800c858        0x4 /Applications/STM32CubeIDE.app/Contents/Eclipse/plugins/com.st.stm32cube.ide.mcu.externaltools.gnu-tools-for-stm32.13.3.rel1.macos64_1.0.100.202509120712/tools/bin/../lib/gcc/arm-none-eabi/13.3.1/thumb/v7e-m+fp/hard/crti.o
                0x0800c858                _fini
 .fini          0x0800c85c        0x8 /Applications/STM32CubeIDE.app/Contents/Eclipse/plugins/com.st.stm32cube.ide.mcu.externaltools.gnu-tools-for-stm32.13.3.rel1.macos64_1.0.100.202509120712/tools/bin/../lib/gcc/arm-none-eabi/13.3.1/thumb/v7e-m+fp/hard/crtn.o
                0x0800c864                        . = ALIGN (0x4)
                0x0800c864                        _etext = .

.vfp11_veneer   0x0800c864        0x0
 .vfp11_veneer  0x0800c864        0x0 linker stubs

.v4_bx          0x0800c864        0x0
 .v4_bx         0x0800c864        0x0 linker stubs

.iplt           0x0800c864        0x0
 .iplt          0x0800c864        0x0 /Applications/STM32CubeIDE.app/Contents/Eclipse/plugins/com.st.stm32cube.ide.mcu.externaltools.gnu-tools-for-stm32.13.3.rel1.macos64_1.0.100.202509120712/tools/bin/../lib/gcc/arm-none-eabi/13.3.1/thumb/v7e-m+fp/hard/crtbegin.o

.rodata         0x0800c868      0x65c
                0x0800c868                        . = ALIGN (0x4)
 *(.rodata)
 .rodata        0x0800c868      0x115 ./Core/Src/bms_message.o
 *fill*         0x0800c97d        0x3 
 .rodata        0x0800c980        0x2 ./Core/Src/main.o
 *fill*         0x0800c982        0x2 
 .rodata        0x0800c984      0x1a8 ./Core/Src/statemachine.o
 *(.rodata*)
 .rodata.AHBPrescTable
                0x0800cb2c       0x10 ./Core/Src/system_stm32f4xx.o
                0x0800cb2c                AHBPrescTable
 .rodata.APBPrescTable
                0x0800cb3c        0x8 ./Core/Src/system_stm32f4xx.o
                0x0800cb3c                APBPrescTable
 .rodata.flagBitshiftOffset.0
                0x0800cb44        0x8 ./Drivers/STM32F4xx_HAL_Driver/Src/stm32f4xx_hal_dma.o
 .rodata._printf_float.str1.1
                0x0800cb4c      0x171 /Applications/STM32CubeIDE.app/Contents/Eclipse/plugins/com.st.stm32cube.ide.mcu.externaltools.gnu-tools-for-stm32.13.3.rel1.macos64_1.0.100.202509120712/tools/bin/../lib/gcc/arm-none-eabi/13.3.1/../../../../arm-none-eabi/lib/thumb/v7e-m+fp/hard/libc_nano.a(libc_a-nano-vfprintf_float.o)
                                 0x12 (size before relaxing)
 .rodata._printf_i.str1.1
                0x0800ccbd        0x0 /Applications/STM32CubeIDE.app/Contents/Eclipse/plugins/com.st.stm32cube.ide.mcu.externaltools.gnu-tools-for-stm32.13.3.rel1.macos64_1.0.100.202509120712/tools/bin/../lib/gcc/arm-none-eabi/13.3.1/../../../../arm-none-eabi/lib/thumb/v7e-m+fp/hard/libc_nano.a(libc_a-nano-vfprintf_i.o)
                                 0x22 (size before relaxing)
 .rodata._dtoa_r.str1.1
                0x0800ccbd        0x0 /Applications/STM32CubeIDE.app/Contents/Eclipse/plugins/com.st.stm32cube.ide.mcu.externaltools.gnu-tools-for-stm32.13.3.rel1.macos64_1.0.100.202509120712/tools/bin/../lib/gcc/arm-none-eabi/13.3.1/../../../../arm-none-eabi/lib/thumb/v7e-m+fp/hard/libc_nano.a(libc_a-dtoa.o)
                                 0x8f (size before relaxing)
 .rodata._svfprintf_r.str1.1
                0x0800ccbd        0x0 /Applications/STM32CubeIDE.app/Contents/Eclipse/plugins/com.st.stm32cube.ide.mcu.externaltools.gnu-tools-for-stm32.13.3.rel1.macos64_1.0.100.202509120712/tools/bin/../lib/gcc/arm-none-eabi/13.3.1/../../../../arm-none-eabi/lib/thumb/v7e-m+fp/hard/libc_nano.a(libc_a-nano-svfprintf.o)
                                 0x11 (size before relaxing)
 .rodata._vfprintf_r.str1.1
                0x0800ccbd        0x0 /Applications/STM32CubeIDE.app/Contents/Eclipse/plugins/com.st.stm32cube.ide.mcu.externaltools.gnu-tools-for-stm32.13.3.rel1.macos64_1.0.100.202509120712/tools/bin/../lib/gcc/arm-none-eabi/13.3.1/../../../../arm-none-eabi/lib/thumb/v7e-m+fp/hard/libc_nano.a(libc_a-nano-vfprintf.o)
                                 0x11 (size before relaxing)
 .rodata._Balloc.str1.1
                0x0800ccbd        0x0 /Applications/STM32CubeIDE.app/Contents/Eclipse/plugins/com.st.stm32cube.ide.mcu.externaltools.gnu-tools-for-stm32.13.3.rel1.macos64_1.0.100.202509120712/tools/bin/../lib/gcc/arm-none-eabi/13.3.1/../../../../arm-none-eabi/lib/thumb/v7e-m+fp/hard/libc_nano.a(libc_a-mprec.o)
                                 0x70 (size before relaxing)
 .rodata.__multadd.str1.1
                0x0800ccbd        0x0 /Applications/STM32CubeIDE.app/Contents/Eclipse/plugins/com.st.stm32cube.ide.mcu.externaltools.gnu-tools-for-stm32.13.3.rel1.macos64_1.0.100.202509120712/tools/bin/../lib/gcc/arm-none-eabi/13.3.1/../../../../arm-none-eabi/lib/thumb/v7e-m+fp/hard/libc_nano.a(libc_a-mprec.o)
                                 0x11 (size before relaxing)
 *fill*         0x0800ccbd        0x3 
 .rodata.p05.0  0x0800ccc0        0xc /Applications/STM32CubeIDE.app/Contents/Eclipse/plugins/com.st.stm32cube.ide.mcu.externaltools.gnu-tools-for-stm32.13.3.rel1.macos64_1.0.100.202509120712/tools/bin/../lib/gcc/arm-none-eabi/13.3.1/../../../../arm-none-eabi/lib/thumb/v7e-m+fp/hard/libc_nano.a(libc_a-mprec.o)
 *fill*         0x0800cccc        0x4 
 .rodata.__mprec_bigtens
                0x0800ccd0       0x28 /Applications/STM32CubeIDE.app/Contents/Eclipse/plugins/com.st.stm32cube.ide.mcu.externaltools.gnu-tools-for-stm32.13.3.rel1.macos64_1.0.100.202509120712/tools/bin/../lib/gcc/arm-none-eabi/13.3.1/../../../../arm-none-eabi/lib/thumb/v7e-m+fp/hard/libc_nano.a(libc_a-mprec.o)
                0x0800ccd0                __mprec_bigtens
 .rodata.__mprec_tens
                0x0800ccf8       0xc8 /Applications/STM32CubeIDE.app/Contents/Eclipse/plugins/com.st.stm32cube.ide.mcu.externaltools.gnu-tools-for-stm32.13.3.rel1.macos64_1.0.100.202509120712/tools/bin/../lib/gcc/arm-none-eabi/13.3.1/../../../../arm-none-eabi/lib/thumb/v7e-m+fp/hard/libc_nano.a(libc_a-mprec.o)
                0x0800ccf8                __mprec_tens
 .rodata._setlocale_r.str1.1
                0x0800cdc0        0x0 /Applications/STM32CubeIDE.app/Contents/Eclipse/plugins/com.st.stm32cube.ide.mcu.externaltools.gnu-tools-for-stm32.13.3.rel1.macos64_1.0.100.202509120712/tools/bin/../lib/gcc/arm-none-eabi/13.3.1/../../../../arm-none-eabi/lib/thumb/v7e-m+fp/hard/libc_nano.a(libc_a-locale.o)
                                  0x9 (size before relaxing)
 .rodata.str1.1
                0x0800cdc0        0x0 /Applications/STM32CubeIDE.app/Contents/Eclipse/plugins/com.st.stm32cube.ide.mcu.externaltools.gnu-tools-for-stm32.13.3.rel1.macos64_1.0.100.202509120712/tools/bin/../lib/gcc/arm-none-eabi/13.3.1/../../../../arm-none-eabi/lib/thumb/v7e-m+fp/hard/libc_nano.a(libc_a-locale.o)
                                  0x2 (size before relaxing)
 .rodata._ctype_
                0x0800cdc0      0x101 /Applications/STM32CubeIDE.app/Contents/Eclipse/plugins/com.st.stm32cube.ide.mcu.externaltools.gnu-tools-for-stm32.13.3.rel1.macos64_1.0.100.202509120712/tools/bin/../lib/gcc/arm-none-eabi/13.3.1/../../../../arm-none-eabi/lib/thumb/v7e-m+fp/hard/libc_nano.a(libc_a-ctype_.o)
                0x0800cdc0                _ctype_
 .rodata.__assert_func.str1.1
                0x0800cec1        0x0 /Applications/STM32CubeIDE.app/Contents/Eclipse/plugins/com.st.stm32cube.ide.mcu.externaltools.gnu-tools-for-stm32.13.3.rel1.macos64_1.0.100.202509120712/tools/bin/../lib/gcc/arm-none-eabi/13.3.1/../../../../arm-none-eabi/lib/thumb/v7e-m+fp/hard/libc_nano.a(libc_a-assert.o)
                                 0x3d (size before relaxing)
                0x0800cec4                        . = ALIGN (0x4)
 *fill*         0x0800cec1        0x3 

.ARM.extab      0x0800cec4        0x0
                0x0800cec4                        . = ALIGN (0x4)
 *(.ARM.extab* .gnu.linkonce.armextab.*)
                0x0800cec4                        . = ALIGN (0x4)

.ARM            0x0800cec4        0x8
                0x0800cec4                        . = ALIGN (0x4)
                0x0800cec4                        __exidx_start = .
 *(.ARM.exidx*)
 .ARM.exidx     0x0800cec4        0x8 /Applications/STM32CubeIDE.app/Contents/Eclipse/plugins/com.st.stm32cube.ide.mcu.externaltools.gnu-tools-for-stm32.13.3.rel1.macos64_1.0.100.202509120712/tools/bin/../lib/gcc/arm-none-eabi/13.3.1/../../../../arm-none-eabi/lib/thumb/v7e-m+fp/hard/libc_nano.a(libc_a-memchr.o)
 .ARM.exidx     0x0800cecc        0x0 /Applications/STM32CubeIDE.app/Contents/Eclipse/plugins/com.st.stm32cube.ide.mcu.externaltools.gnu-tools-for-stm32.13.3.rel1.macos64_1.0.100.202509120712/tools/bin/../lib/gcc/arm-none-eabi/13.3.1/../../../../arm-none-eabi/lib/thumb/v7e-m+fp/hard/libc_nano.a(libc_a-strlen.o)
                                  0x8 (size before relaxing)
 .ARM.exidx     0x0800cecc        0x0 /Applications/STM32CubeIDE.app/Contents/Eclipse/plugins/com.st.stm32cube.ide.mcu.externaltools.gnu-tools-for-stm32.13.3.rel1.macos64_1.0.100.202509120712/tools/bin/../lib/gcc/arm-none-eabi/13.3.1/thumb/v7e-m+fp/hard/libgcc.a(_udivmoddi4.o)
                                  0x8 (size before relaxing)
                0x0800cecc                        __exidx_end = .
                0x0800cecc                        . = ALIGN (0x4)

.preinit_array  0x0800cecc        0x0
                0x0800cecc                        . = ALIGN (0x4)
                0x0800cecc                        PROVIDE (__preinit_array_start = .)
 *(.preinit_array*)
                0x0800cecc                        PROVIDE (__preinit_array_end = .)
                0x0800cecc                        . = ALIGN (0x4)

.init_array     0x0800cecc        0x4
                0x0800cecc                        . = ALIGN (0x4)
                0x0800cecc                        PROVIDE (__init_array_start = .)
 *(SORT_BY_NAME(.init_array.*))
 *(.init_array*)
 .init_array    0x0800cecc        0x4 /Applications/STM32CubeIDE.app/Contents/Eclipse/plugins/com.st.stm32cube.ide.mcu.externaltools.gnu-tools-for-stm32.13.3.rel1.macos64_1.0.100.202509120712/tools/bin/../lib/gcc/arm-none-eabi/13.3.1/thumb/v7e-m+fp/hard/crtbegin.o
                0x0800ced0                        PROVIDE (__init_array_end = .)
                0x0800ced0                        . = ALIGN (0x4)

.fini_array     0x0800ced0        0x4
                0x0800ced0                        . = ALIGN (0x4)
                [!provide]                        PROVIDE (__fini_array_start = .)
 *(SORT_BY_NAME(.fini_array.*))
 *(.fini_array*)
 .fini_array    0x0800ced0        0x4 /Applications/STM32CubeIDE.app/Contents/Eclipse/plugins/com.st.stm32cube.ide.mcu.externaltools.gnu-tools-for-stm32.13.3.rel1.macos64_1.0.100.202509120712/tools/bin/../lib/gcc/arm-none-eabi/13.3.1/thumb/v7e-m+fp/hard/crtbegin.o
                [!provide]                        PROVIDE (__fini_array_end = .)
                0x0800ced4                        . = ALIGN (0x4)
                0x0800ced4                        _sidata = LOADADDR (.data)

.rel.dyn        0x0800ced4        0x0
 .rel.iplt      0x0800ced4        0x0 /Applications/STM32CubeIDE.app/Contents/Eclipse/plugins/com.st.stm32cube.ide.mcu.externaltools.gnu-tools-for-stm32.13.3.rel1.macos64_1.0.100.202509120712/tools/bin/../lib/gcc/arm-none-eabi/13.3.1/thumb/v7e-m+fp/hard/crtbegin.o

.data           0x20000000      0x238 load address 0x0800ced4
                0x20000000                        . = ALIGN (0x4)
                0x20000000                        _sdata = .
 *(.data)
 *(.data*)
 .data.s_bms    0x20000000        0xc ./Core/Src/ina219_bms.o
 .data.s_chR    0x2000000c        0x4 ./Core/Src/speed.o
 .data.auto_st  0x20000010        0x1 ./Core/Src/statemachine.o
 .data.current_speed
                0x20000011        0x1 ./Core/Src/statemachine.o
                0x20000011                current_speed
 .data.st_manual
                0x20000012        0x1 ./Core/Src/statemachine.o
 *fill*         0x20000013        0x1 
 .data.danger_reason
                0x20000014       0x40 ./Core/Src/statemachine.o
 .data.SystemCoreClock
                0x20000054        0x4 ./Core/Src/system_stm32f4xx.o
                0x20000054                SystemCoreClock
 .data.target_pan
                0x20000058        0x4 ./Core/Src/trace.o
                0x20000058                target_pan
 .data.target_tilt
                0x2000005c        0x4 ./Core/Src/trace.o
                0x2000005c                target_tilt
 .data.pan      0x20000060        0x4 ./Core/Src/trace.o
                0x20000060                pan
 .data.tilt     0x20000064        0x4 ./Core/Src/trace.o
                0x20000064                tilt
 .data.uwTickPrio
                0x20000068        0x4 ./Drivers/STM32F4xx_HAL_Driver/Src/stm32f4xx_hal.o
                0x20000068                uwTickPrio
 .data.uwTickFreq
                0x2000006c        0x1 ./Drivers/STM32F4xx_HAL_Driver/Src/stm32f4xx_hal.o
                0x2000006c                uwTickFreq
 *fill*         0x2000006d        0x3 
 .data.__sglue  0x20000070        0xc /Applications/STM32CubeIDE.app/Contents/Eclipse/plugins/com.st.stm32cube.ide.mcu.externaltools.gnu-tools-for-stm32.13.3.rel1.macos64_1.0.100.202509120712/tools/bin/../lib/gcc/arm-none-eabi/13.3.1/../../../../arm-none-eabi/lib/thumb/v7e-m+fp/hard/libc_nano.a(libc_a-findfp.o)
                0x20000070                __sglue
 .data._impure_ptr
                0x2000007c        0x4 /Applications/STM32CubeIDE.app/Contents/Eclipse/plugins/com.st.stm32cube.ide.mcu.externaltools.gnu-tools-for-stm32.13.3.rel1.macos64_1.0.100.202509120712/tools/bin/../lib/gcc/arm-none-eabi/13.3.1/../../../../arm-none-eabi/lib/thumb/v7e-m+fp/hard/libc_nano.a(libc_a-impure.o)
                0x2000007c                _impure_ptr
 .data._impure_data
                0x20000080       0x4c /Applications/STM32CubeIDE.app/Contents/Eclipse/plugins/com.st.stm32cube.ide.mcu.externaltools.gnu-tools-for-stm32.13.3.rel1.macos64_1.0.100.202509120712/tools/bin/../lib/gcc/arm-none-eabi/13.3.1/../../../../arm-none-eabi/lib/thumb/v7e-m+fp/hard/libc_nano.a(libc_a-impure.o)
                0x20000080                _impure_data
 .data.__global_locale
                0x200000cc      0x16c /Applications/STM32CubeIDE.app/Contents/Eclipse/plugins/com.st.stm32cube.ide.mcu.externaltools.gnu-tools-for-stm32.13.3.rel1.macos64_1.0.100.202509120712/tools/bin/../lib/gcc/arm-none-eabi/13.3.1/../../../../arm-none-eabi/lib/thumb/v7e-m+fp/hard/libc_nano.a(libc_a-locale.o)
                0x200000cc                __global_locale
 *(.RamFunc)
 *(.RamFunc*)
                0x20000238                        . = ALIGN (0x4)
                0x20000238                        _edata = .

.igot.plt       0x20000238        0x0 load address 0x0800d10c
 .igot.plt      0x20000238        0x0 /Applications/STM32CubeIDE.app/Contents/Eclipse/plugins/com.st.stm32cube.ide.mcu.externaltools.gnu-tools-for-stm32.13.3.rel1.macos64_1.0.100.202509120712/tools/bin/../lib/gcc/arm-none-eabi/13.3.1/thumb/v7e-m+fp/hard/crtbegin.o
                0x20000238                        . = ALIGN (0x4)

.bss            0x20000238      0x830 load address 0x0800d10c
                0x20000238                        _sbss = .
                0x20000238                        __bss_start__ = _sbss
 *(.bss)