../Core/Src/bms_sensor.c:43:6:BMS_SENSOR_Init	8	static
../Core/Src/bms_sensor.c:50:13:TEMP_TASK	16	static
../Core/Src/bms_sensor.c:62:12:GetTempState	4	static
../Core/Src/bms_sensor.c:67:9:GetTempC	4	static
../Core/Src/bms_sensor.c:72:10:GetTempADC	4	static
../Core/Src/bms_sensor.c:79:13:GAS_TASK	16	static
../Core/Src/bms_sensor.c:90:12:GetGasState	4	static
../Core/Src/bms_sensor.c:95:10:GetGasADC	4	static
../Core/Src/bms_sensor.c:102:13:INA219_BMS_TASK	16	static
../Core/Src/bms_sensor.c:116:15:GetVoltageState	4	static
../Core/Src/bms_sensor.c:121:15:GetCurrentState	4	static
../Core/Src/bms_sensor.c:126:9:GetVoltagemV	4	static
../Core/Src/bms_sensor.c:131:9:GetCurrentmA	4	static
../Core/Src/bms_sensor.c:138:6:BMS_SENSOR_Task	8	static
