../Core/Src/bms_ina219.c:30:6:HAL_I2C_MemRxCpltCallback	16	static
../Core/Src/bms_ina219.c:38:6:HAL_I2C_ErrorCallback	16	static
../Core/Src/bms_ina219.c:46:26:INA219_BMS_WaitRxDMA	24	static
../Core/Src/bms_ina219.c:66:26:INA219_BMS_WriteReg	40	static
../Core/Src/bms_ina219.c:74:26:INA219_BMS_ReadReg	24	static
../Core/Src/bms_ina219.c:95:9:INA219_BMS_Init	8	static
../Core/Src/bms_ina219.c:103:9:INA219_BMS_ReadCurrent_mA	16	static
../Core/Src/bms_ina219.c:114:9:INA219_BMS_ReadVoltage_mV	24	static
../Core/Src/bms_ina219.c:134:15:INA219_BMS_GetCurrentState	16	static
../Core/Src/bms_ina219.c:141:15:INA219_BMS_GetVoltageState	16	static
