../Core/Src/bms_safety_manager.c:15:6:BMS_SAFETY_Reset	4	static
../Core/Src/bms_safety_manager.c:23:9:GetReductionStep	4	static
../Core/Src/bms_safety_manager.c:28:9:IsDangerLatched	4	static
../Core/Src/bms_safety_manager.c:33:9:GetWarningCount	16	static
../Core/Src/bms_safety_manager.c:54:9:HasDangerState	8	static
../Core/Src/bms_safety_manager.c:74:13:GetDangerReason	4	static
../Core/Src/bms_safety_manager.c:79:13:UpdateDangerReasonNow	8	static
../Core/Src/bms_safety_manager.c:102:6:BMS_SAFETY_UpdateSpeed	32	static
