../Core/Src/gas2.c:27:10:Gas_ReadADC	4	static
../Core/Src/gas2.c:32:10:Gas_ReadADC_Avg	16	static
../Core/Src/gas2.c:46:6:Gas_BaselineInit	4	static
../Core/Src/gas2.c:56:6:Gas_UpdateBaseline	8	static
../Core/Src/gas2.c:73:9:Gas_IsBaselineReady	4	static
../Core/Src/gas2.c:78:10:Gas_GetBaselineADC	4	static
../Core/Src/gas2.c:90:10:Gas_ComputeDelta	16	static
../Core/Src/gas2.c:102:10:Gas_ComputeScore	16	static
../Core/Src/gas2.c:112:12:Gas_GetLevelFromScore	16	static
../Core/Src/gas2.c:119:12:Gas_GetLevelFromADC	16	static
../Core/Src/gas2.c:126:12:Gas_TaskLevel	16	static
