../Core/Src/statemachine.c:36:6:STMACHINE_Init	8	static
../Core/Src/statemachine.c:64:6:HAL_UART_RxCpltCallback	16	static
../Core/Src/statemachine.c:97:13:DC_CONTROL_MANUAL	16	static
../Core/Src/statemachine.c:141:13:DC_CONTROL_MANUAL_PERCENT	16	static
../Core/Src/statemachine.c:198:6:SHOW_UART2_ULTRASONIC	24	static
../Core/Src/statemachine.c:211:6:SHOW_UART2_SPEED	16	static
../Core/Src/statemachine.c:223:6:SHOW_UART2_TRACE	24	static
../Core/Src/statemachine.c:245:6:DC_CONTROL_AUTO	32	static
../Core/Src/statemachine.c:326:6:DC_CONTROL_AUTO_PERCENT	32	static
../Core/Src/statemachine.c:414:6:ST_FLAG	16	static
../Core/Src/statemachine.c:462:13:GetModeString	4	static
../Core/Src/statemachine.c:470:13:GetTraceString	4	static
../Core/Src/statemachine.c:478:9:GetActualSpeed	4	static
../Core/Src/statemachine.c:483:13:UpdateCurrentSpeed	8	static
../Core/Src/statemachine.c:490:6:ST_MACHINE	8	static
