../Core/Src/statemachine.c:71:6:STMACHINE_Init	8	static
../Core/Src/statemachine.c:98:6:HAL_UART_RxCpltCallback	16	static
../Core/Src/statemachine.c:114:13:TEMP_TASK	16	static
../Core/Src/statemachine.c:130:12:STMACHINE_GetTempState	4	static
../Core/Src/statemachine.c:137:13:GAS_TASK	16	static
../Core/Src/statemachine.c:153:12:STMACHINE_GetGasState	4	static
../Core/Src/statemachine.c:160:13:INA219_BMS_TASK	16	static
../Core/Src/statemachine.c:176:11:STMACHINE_GetBmsState	4	static
../Core/Src/statemachine.c:183:13:DC_CONTROL_MANUAL	16	static
../Core/Src/statemachine.c:227:13:DC_CONTROL_MANUAL_PERCENT	16	static
../Core/Src/statemachine.c:282:6:SHOW_UART2	24	static
../Core/Src/statemachine.c:297:6:SHOW_UART2_TEMP	16	static
../Core/Src/statemachine.c:327:6:SHOW_UART2_GAS	16	static
../Core/Src/statemachine.c:357:6:SHOW_UART2_BMSCurrent	16	static
../Core/Src/statemachine.c:386:6:SHOW_UART2_SPEED	16	static
../Core/Src/statemachine.c:397:6:SHOW_UART2_BMS	16	static
../Core/Src/statemachine.c:457:6:SHOW_UART2_TRACE	24	static
../Core/Src/statemachine.c:479:6:DC_CONTROL_AUTO	32	static
../Core/Src/statemachine.c:560:6:DC_CONTROL_AUTO_PERCENT	32	static
../Core/Src/statemachine.c:654:6:ST_FLAG	16	static
../Core/Src/statemachine.c:680:16:GetDangerCount	16	static
../Core/Src/statemachine.c:691:13:UpdateCurrentSpeed	16	static
../Core/Src/statemachine.c:731:13:TRACE_TASK	16	static
../Core/Src/statemachine.c:754:6:ST_MACHINE	8	static
