../Core/Src/statemachine.c:35:6:STMACHINE_Init	8	static
../Core/Src/statemachine.c:64:6:HAL_UART_RxCpltCallback	16	static
../Core/Src/statemachine.c:78:9:GetActualSpeed	4	static
../Core/Src/statemachine.c:87:13:DC_CONTROL_MANUAL	16	static
../Core/Src/statemachine.c:131:13:DC_CONTROL_MANUAL_PERCENT	16	static
../Core/Src/statemachine.c:186:6:SHOW_UART2_ULTRASONIC	24	static
../Core/Src/statemachine.c:199:6:SHOW_UART2_SPEED	16	static
../Core/Src/statemachine.c:211:6:SHOW_UART2_TRACE	24	static
../Core/Src/statemachine.c:233:6:DC_CONTROL_AUTO	32	static
../Core/Src/statemachine.c:314:6:DC_CONTROL_AUTO_PERCENT	32	static
../Core/Src/statemachine.c:404:6:ST_FLAG	16	static
../Core/Src/statemachine.c:432:13:GetModeString	4	static
../Core/Src/statemachine.c:440:13:GetTraceString	4	static
../Core/Src/statemachine.c:448:13:UpdateCurrentSpeed	8	static
../Core/Src/statemachine.c:454:13:TRACE_TASK	16	static
../Core/Src/statemachine.c:477:6:ST_MACHINE	8	static
