../Core/Src/statemachine.c:36:6:STMACHINE_Init	8	static
../Core/Src/statemachine.c:64:6:HAL_UART_RxCpltCallback	16	static
../Core/Src/statemachine.c:91:13:DC_CONTROL_MANUAL	16	static
../Core/Src/statemachine.c:135:13:DC_CONTROL_MANUAL_PERCENT	16	static
../Core/Src/statemachine.c:192:6:SHOW_UART2_ULTRASONIC	24	static
../Core/Src/statemachine.c:205:6:SHOW_UART2_SPEED	16	static
../Core/Src/statemachine.c:217:6:SHOW_UART2_TRACE	24	static
../Core/Src/statemachine.c:239:6:DC_CONTROL_AUTO	32	static
../Core/Src/statemachine.c:320:6:DC_CONTROL_AUTO_PERCENT	32	static
../Core/Src/statemachine.c:404:6:DC_CONTROL_AUTO_PERCENT_2	16	static
../Core/Src/statemachine.c:475:6:ST_FLAG	16	static
../Core/Src/statemachine.c:524:13:GetModeString	4	static
../Core/Src/statemachine.c:532:13:GetTraceString	8	static
../Core/Src/statemachine.c:537:9:GetActualSpeed	4	static
../Core/Src/statemachine.c:542:13:UpdateCurrentSpeed	8	static
../Core/Src/statemachine.c:549:6:ST_MACHINE	40	static
