../Core/Src/statemachine.c:42:6:STMACHINE_Init	8	static
../Core/Src/statemachine.c:63:6:HAL_UART_RxCpltCallback	16	static
../Core/Src/statemachine.c:79:13:TEMP_TASK	16	static
../Core/Src/statemachine.c:95:12:STMACHINE_GetTempState	4	static
../Core/Src/statemachine.c:105:13:DC_CONTROL_MANUAL	16	static
../Core/Src/statemachine.c:157:6:SHOW_UART2	24	static
../Core/Src/statemachine.c:172:6:SHOW_UART2_TEMP	16	static
../Core/Src/statemachine.c:203:6:DC_CONTROL_AUTO	32	static
../Core/Src/statemachine.c:294:6:ST_FLAG	16	static
../Core/Src/statemachine.c:315:6:ST_MACHINE	8	static
