../Core/Src/statemachine.c:77:6:STMACHINE_Init	8	static
../Core/Src/statemachine.c:104:6:HAL_UART_RxCpltCallback	16	static
../Core/Src/statemachine.c:120:13:TEMP_TASK	16	static
../Core/Src/statemachine.c:132:12:STMACHINE_GetTempState	4	static
../Core/Src/statemachine.c:137:9:STMACHINE_GetTempC	4	static
../Core/Src/statemachine.c:145:13:GAS_TASK	16	static
../Core/Src/statemachine.c:165:12:STMACHINE_GetGasState	4	static
../Core/Src/statemachine.c:170:10:STMACHINE_GetGasScore	4	static
../Core/Src/statemachine.c:177:13:INA219_BMS_TASK	16	static
../Core/Src/statemachine.c:191:15:STMACHINE_GetBmsVoltageState	4	static
../Core/Src/statemachine.c:196:15:STMACHINE_GetBmsCurrentState	4	static
../Core/Src/statemachine.c:201:9:STMACHINE_GetBmsVoltagemV	4	static
../Core/Src/statemachine.c:206:9:STMACHINE_GetBmsCurrentmA	4	static
../Core/Src/statemachine.c:212:9:STMACHINE_GetActualSpeed	4	static
../Core/Src/statemachine.c:219:13:DC_CONTROL_MANUAL	16	static
../Core/Src/statemachine.c:263:13:DC_CONTROL_MANUAL_PERCENT	16	static
../Core/Src/statemachine.c:318:6:SHOW_UART2	24	static
../Core/Src/statemachine.c:333:6:SHOW_UART2_TEMP	16	static
../Core/Src/statemachine.c:363:6:SHOW_UART2_GAS	24	static
../Core/Src/statemachine.c:393:6:SHOW_UART2_BMSCurrent	16	static
../Core/Src/statemachine.c:422:6:SHOW_UART2_SPEED	16	static
../Core/Src/statemachine.c:434:6:SHOW_UART2_TRACE	24	static
../Core/Src/statemachine.c:456:6:DC_CONTROL_AUTO	32	static
../Core/Src/statemachine.c:537:6:DC_CONTROL_AUTO_PERCENT	32	static
../Core/Src/statemachine.c:631:6:ST_FLAG	16	static
../Core/Src/statemachine.c:657:16:GetWarningCount	16	static
../Core/Src/statemachine.c:678:16:HasDangerState	8	static
../Core/Src/statemachine.c:702:13:UpdateDangerReason	8	static
../Core/Src/statemachine.c:725:13:STMACHINE_GetDangerReason	4	static
../Core/Src/statemachine.c:730:13:UpdateCurrentSpeed	24	static
../Core/Src/statemachine.c:809:13:STMACHINE_GetModeString	4	static
../Core/Src/statemachine.c:817:13:STMACHINE_GetTraceString	4	static
../Core/Src/statemachine.c:825:9:STMACHINE_GetWarningCount	4	static
../Core/Src/statemachine.c:830:9:STMACHINE_GetReductionStep	4	static
../Core/Src/statemachine.c:835:9:STMACHINE_IsDangerLatched	4	static
../Core/Src/statemachine.c:840:13:TRACE_TASK	16	static
../Core/Src/statemachine.c:863:6:ST_MACHINE	8	static
