../Core/Src/statemachine.c:64:6:STMACHINE_Init	8	static
../Core/Src/statemachine.c:88:6:HAL_UART_RxCpltCallback	16	static
../Core/Src/statemachine.c:104:13:TEMP_TASK	16	static
../Core/Src/statemachine.c:120:12:STMACHINE_GetTempState	4	static
../Core/Src/statemachine.c:127:13:GAS_TASK	16	static
../Core/Src/statemachine.c:143:12:STMACHINE_GetGasState	4	static
../Core/Src/statemachine.c:150:13:INA219_BMS_TASK	16	static
../Core/Src/statemachine.c:166:11:STMACHINE_GetBmsState	4	static
../Core/Src/statemachine.c:173:13:DC_CONTROL_MANUAL	16	static
../Core/Src/statemachine.c:225:6:SHOW_UART2	24	static
../Core/Src/statemachine.c:240:6:SHOW_UART2_TEMP	16	static
../Core/Src/statemachine.c:270:6:SHOW_UART2_GAS	16	static
../Core/Src/statemachine.c:300:6:SHOW_UART2_BMSCurrent	16	static
../Core/Src/statemachine.c:332:6:DC_CONTROL_AUTO	32	static
../Core/Src/statemachine.c:423:6:ST_FLAG	16	static
../Core/Src/statemachine.c:444:6:ST_MACHINE	8	static
