../Core/Src/statemachine.c:36:6:STMACHINE_Init	8	static
../Core/Src/statemachine.c:64:6:HAL_UART_RxCpltCallback	16	static
../Core/Src/statemachine.c:101:13:DC_CONTROL_MANUAL	16	static
../Core/Src/statemachine.c:145:13:DC_CONTROL_MANUAL_PERCENT	16	static
../Core/Src/statemachine.c:202:6:SHOW_UART2_ULTRASONIC	24	static
../Core/Src/statemachine.c:215:6:SHOW_UART2_SPEED	16	static
../Core/Src/statemachine.c:227:6:SHOW_UART2_TRACE	24	static
../Core/Src/statemachine.c:249:6:DC_CONTROL_AUTO	32	static
../Core/Src/statemachine.c:330:6:DC_CONTROL_AUTO_PERCENT	32	static
../Core/Src/statemachine.c:417:6:ST_FLAG	16	static
../Core/Src/statemachine.c:465:13:GetModeString	4	static
../Core/Src/statemachine.c:473:13:GetTraceString	4	static
../Core/Src/statemachine.c:481:9:GetActualSpeed	4	static
../Core/Src/statemachine.c:486:13:UpdateCurrentSpeed	8	static
../Core/Src/statemachine.c:492:6:ST_MACHINE	8	static
