../Core/Src/trace.c:18:6:Trace_ForceInit	4	static
../Core/Src/trace.c:25:6:Trace_RequestToggle	4	static
../Core/Src/trace.c:30:13:Trace_GetStateString	4	static
../Core/Src/trace.c:38:6:Trace_Task	24	static
../Core/Src/trace.c:86:6:Sensor_Filter	16	static
../Core/Src/trace.c:106:6:Sun_Position	24	static
../Core/Src/trace.c:121:6:Target_Update	4	static
../Core/Src/trace.c:143:6:Servo_Move	4	static
../Core/Src/trace.c:158:6:Trace_Init	8	static
../Core/Src/trace.c:172:6:Trace_Act	8	static
../Core/Src/trace.c:194:6:Trace_Mode	8	static
